Archive member included to satisfy reference by file (symbol)

c:/program files (x86)/atmel/studio/7.0/toolchain/arm/arm-gnu-toolchain/bin/../lib/gcc/arm-none-eabi/6.3.1/thumb/v6-m\libgcc.a(_udivsi3.o)
                              src/ASF/sam0/drivers/sercom/i2c/i2c_sam0/i2c_master.o (__aeabi_uidiv)
c:/program files (x86)/atmel/studio/7.0/toolchain/arm/arm-gnu-toolchain/bin/../lib/gcc/arm-none-eabi/6.3.1/thumb/v6-m\libgcc.a(_divsi3.o)
                              src/ASF/sam0/drivers/usb/stack_interface/usb_device_udd.o (__aeabi_idivmod)
c:/program files (x86)/atmel/studio/7.0/toolchain/arm/arm-gnu-toolchain/bin/../lib/gcc/arm-none-eabi/6.3.1/thumb/v6-m\libgcc.a(_dvmd_tls.o)
                              c:/program files (x86)/atmel/studio/7.0/toolchain/arm/arm-gnu-toolchain/bin/../lib/gcc/arm-none-eabi/6.3.1/thumb/v6-m\libgcc.a(_udivsi3.o) (__aeabi_idiv0)
c:/program files (x86)/atmel/studio/7.0/toolchain/arm/arm-gnu-toolchain/bin/../lib/gcc/arm-none-eabi/6.3.1/thumb/v6-m\libgcc.a(_clzsi2.o)
                              src/ASF/sam0/drivers/usb/usb_sam_d_r/usb.o (__clzsi2)
c:/program files (x86)/atmel/studio/7.0/toolchain/arm/arm-gnu-toolchain/bin/../lib/gcc/arm-none-eabi/6.3.1/thumb/v6-m\libgcc.a(_ctzsi2.o)
                              src/ASF/sam0/drivers/usb/usb_sam_d_r/usb.o (__ctzsi2)
c:/program files (x86)/atmel/studio/7.0/toolchain/arm/arm-gnu-toolchain/bin/../lib/gcc/arm-none-eabi/6.3.1/thumb/v6-m\libgcc.a(_muldi3.o)
                              src/ASF/sam0/drivers/sercom/sercom.o (__aeabi_lmul)
c:/program files (x86)/atmel/studio/7.0/toolchain/arm/arm-gnu-toolchain/bin/../lib/gcc/arm-none-eabi/6.3.1/thumb/v6-m\libgcc.a(adddf3.o)
                              src/ASF/sam0/drivers/sercom/i2c/i2c_sam0/i2c_master.o (__aeabi_dadd)
c:/program files (x86)/atmel/studio/7.0/toolchain/arm/arm-gnu-toolchain/bin/../lib/gcc/arm-none-eabi/6.3.1/thumb/v6-m\libgcc.a(divdf3.o)
                              src/ASF/sam0/drivers/sercom/i2c/i2c_sam0/i2c_master.o (__aeabi_ddiv)
c:/program files (x86)/atmel/studio/7.0/toolchain/arm/arm-gnu-toolchain/bin/../lib/gcc/arm-none-eabi/6.3.1/thumb/v6-m\libgcc.a(muldf3.o)
                              src/ASF/sam0/drivers/sercom/i2c/i2c_sam0/i2c_master.o (__aeabi_dmul)
c:/program files (x86)/atmel/studio/7.0/toolchain/arm/arm-gnu-toolchain/bin/../lib/gcc/arm-none-eabi/6.3.1/thumb/v6-m\libgcc.a(subdf3.o)
                              src/ASF/sam0/drivers/sercom/i2c/i2c_sam0/i2c_master.o (__aeabi_dsub)
c:/program files (x86)/atmel/studio/7.0/toolchain/arm/arm-gnu-toolchain/bin/../lib/gcc/arm-none-eabi/6.3.1/thumb/v6-m\libgcc.a(fixdfsi.o)
                              src/ASF/sam0/drivers/sercom/i2c/i2c_sam0/i2c_master.o (__aeabi_d2iz)
c:/program files (x86)/atmel/studio/7.0/toolchain/arm/arm-gnu-toolchain/bin/../lib/gcc/arm-none-eabi/6.3.1/thumb/v6-m\libgcc.a(floatunsidf.o)
                              src/ASF/sam0/drivers/sercom/i2c/i2c_sam0/i2c_master.o (__aeabi_ui2d)
c:/program files (x86)/atmel/studio/7.0/toolchain/arm/arm-gnu-toolchain/bin/../lib/gcc/arm-none-eabi/6.3.1/../../../../arm-none-eabi/lib/thumb/v6-m\libc_nano.a(lib_a-exit.o)
                              c:/program files (x86)/atmel/studio/7.0/toolchain/arm/arm-gnu-toolchain/bin/../lib/gcc/arm-none-eabi/6.3.1/../../../../arm-none-eabi/lib/thumb/v6-m/crt0.o (exit)
c:/program files (x86)/atmel/studio/7.0/toolchain/arm/arm-gnu-toolchain/bin/../lib/gcc/arm-none-eabi/6.3.1/../../../../arm-none-eabi/lib/thumb/v6-m\libc_nano.a(lib_a-impure.o)
                              c:/program files (x86)/atmel/studio/7.0/toolchain/arm/arm-gnu-toolchain/bin/../lib/gcc/arm-none-eabi/6.3.1/../../../../arm-none-eabi/lib/thumb/v6-m\libc_nano.a(lib_a-exit.o) (_global_impure_ptr)
c:/program files (x86)/atmel/studio/7.0/toolchain/arm/arm-gnu-toolchain/bin/../lib/gcc/arm-none-eabi/6.3.1/../../../../arm-none-eabi/lib/thumb/v6-m\libc_nano.a(lib_a-init.o)
                              c:/program files (x86)/atmel/studio/7.0/toolchain/arm/arm-gnu-toolchain/bin/../lib/gcc/arm-none-eabi/6.3.1/../../../../arm-none-eabi/lib/thumb/v6-m/crt0.o (__libc_init_array)
c:/program files (x86)/atmel/studio/7.0/toolchain/arm/arm-gnu-toolchain/bin/../lib/gcc/arm-none-eabi/6.3.1/../../../../arm-none-eabi/lib/thumb/v6-m\libc_nano.a(lib_a-memcpy-stub.o)
                              src/ASF/sam0/drivers/usb/stack_interface/usb_device_udd.o (memcpy)
c:/program files (x86)/atmel/studio/7.0/toolchain/arm/arm-gnu-toolchain/bin/../lib/gcc/arm-none-eabi/6.3.1/../../../../arm-none-eabi/lib/thumb/v6-m\libc_nano.a(lib_a-memset.o)
                              c:/program files (x86)/atmel/studio/7.0/toolchain/arm/arm-gnu-toolchain/bin/../lib/gcc/arm-none-eabi/6.3.1/../../../../arm-none-eabi/lib/thumb/v6-m/crt0.o (memset)
c:/program files (x86)/atmel/studio/7.0/toolchain/arm/arm-gnu-toolchain/bin/../lib/gcc/arm-none-eabi/6.3.1/../../../../arm-none-eabi/lib/thumb/v6-m\libc_nano.a(lib_a-printf.o)
                              src/usb_intf.o (printf)
[...]
Memory Configuration

Name             Origin             Length             Attributes
rom              0x00000000         0x00040000         xr
ram              0x20000000         0x00008000         xrw
*default*        0x00000000         0xffffffff

Linker script and memory map

LOAD c:/program files (x86)/atmel/studio/7.0/toolchain/arm/arm-gnu-toolchain/bin/../lib/gcc/arm-none-eabi/6.3.1/thumb/v6-m/crti.o
LOAD c:/program files (x86)/atmel/studio/7.0/toolchain/arm/arm-gnu-toolchain/bin/../lib/gcc/arm-none-eabi/6.3.1/thumb/v6-m/crtbegin.o
LOAD c:/program files (x86)/atmel/studio/7.0/toolchain/arm/arm-gnu-toolchain/bin/../lib/gcc/arm-none-eabi/6.3.1/../../../../arm-none-eabi/lib/thumb/v6-m/crt0.o
LOAD src/usb_intf.o
LOAD src/ASF/common/services/sleepmgr/samd/sleepmgr.o
LOAD src/ASF/common/services/usb/class/vendor/device/udi_vendor.o
LOAD src/ASF/common/services/usb/class/vendor/device/udi_vendor_desc.o
LOAD src/ASF/common/services/usb/udc/udc.o
LOAD src/ASF/sam0/drivers/extint/extint_callback.o
LOAD src/ASF/sam0/drivers/extint/extint_sam_d_r_h/extint.o
LOAD src/ASF/sam0/drivers/sercom/i2c/i2c_sam0/i2c_master.o
LOAD src/ASF/sam0/drivers/sercom/i2c/i2c_sam0/i2c_master_interrupt.o
LOAD src/ASF/sam0/drivers/tcc/tcc.o
LOAD src/ASF/sam0/drivers/tcc/tcc_callback.o
LOAD src/ASF/sam0/drivers/usb/stack_interface/usb_device_udd.o
LOAD src/ASF/sam0/drivers/usb/stack_interface/usb_dual.o
LOAD src/ASF/sam0/drivers/usb/usb_sam_d_r/usb.o
LOAD src/console.o
LOAD src/gyro.o
LOAD src/pwm_controller.o
LOAD src/spi.o
LOAD src/ASF/common2/services/delay/sam0/systick_counter.o
LOAD src/ASF/sam0/utils/stdio/read.o
LOAD src/ASF/sam0/utils/stdio/write.o
LOAD src/ASF/sam0/drivers/sercom/sercom.o
LOAD src/ASF/sam0/drivers/sercom/usart/usart.o
LOAD src/ASF/sam0/drivers/sercom/usart/usart_interrupt.o
LOAD src/ASF/sam0/drivers/sercom/spi/spi.o
LOAD src/ASF/sam0/drivers/sercom/spi/spi_interrupt.o
LOAD src/ASF/sam0/drivers/sercom/sercom_interrupt.o
LOAD src/ASF/sam0/drivers/port/port.o
LOAD src/ASF/common2/boards/user_board/init.o
LOAD src/ASF/common/utils/interrupt/interrupt_sam_nvic.o
LOAD src/ASF/sam0/drivers/system/clock/clock_samd21_r21_da_ha1/clock.o
LOAD src/ASF/sam0/drivers/system/clock/clock_samd21_r21_da_ha1/gclk.o
LOAD src/ASF/sam0/drivers/system/interrupt/system_interrupt.o
LOAD src/ASF/sam0/drivers/system/pinmux/pinmux.o
LOAD src/ASF/sam0/drivers/system/system.o
LOAD src/ASF/sam0/utils/cmsis/samd21/source/gcc/startup_samd21.o
LOAD src/ASF/sam0/utils/cmsis/samd21/source/system_samd21.o
LOAD src/ASF/sam0/utils/syscalls/gcc/syscalls.o
LOAD src/main.o
START GROUP
LOAD ../src/ASF/thirdparty/CMSIS/Lib/GCC\libarm_cortexM0l_math.a
LOAD c:/program files (x86)/atmel/studio/7.0/toolchain/arm/arm-gnu-toolchain/bin/../lib/gcc/arm-none-eabi/6.3.1/../../../../arm-none-eabi/lib/thumb/v6-m\libm.a
END GROUP
START GROUP
LOAD c:/program files (x86)/atmel/studio/7.0/toolchain/arm/arm-gnu-toolchain/bin/../lib/gcc/arm-none-eabi/6.3.1/thumb/v6-m\libgcc.a
LOAD c:/program files (x86)/atmel/studio/7.0/toolchain/arm/arm-gnu-toolchain/bin/../lib/gcc/arm-none-eabi/6.3.1/../../../../arm-none-eabi/lib/thumb/v6-m\libc_nano.a
END GROUP
START GROUP
LOAD c:/program files (x86)/atmel/studio/7.0/toolchain/arm/arm-gnu-toolchain/bin/../lib/gcc/arm-none-eabi/6.3.1/thumb/v6-m\libgcc.a
LOAD c:/program files (x86)/atmel/studio/7.0/toolchain/arm/arm-gnu-toolchain/bin/../lib/gcc/arm-none-eabi/6.3.1/../../../../arm-none-eabi/lib/thumb/v6-m\libc_nano.a
END GROUP
LOAD c:/program files (x86)/atmel/studio/7.0/toolchain/arm/arm-gnu-toolchain/bin/../lib/gcc/arm-none-eabi/6.3.1/thumb/v6-m/crtend.o
LOAD c:/program files (x86)/atmel/studio/7.0/toolchain/arm/arm-gnu-toolchain/bin/../lib/gcc/arm-none-eabi/6.3.1/thumb/v6-m/crtn.o
                0x00002000                STACK_SIZE = DEFINED (STACK_SIZE)?STACK_SIZE:DEFINED (__stack_size__)?__stack_size__:0x2000

.text           0x00000000     0x547c
                0x00000000                . = ALIGN (0x4)
                0x00000000                _sfixed = .
 *(.vectors .vectors.*)
 .vectors       0x00000000       0xb4 src/ASF/sam0/utils/cmsis/samd21/source/gcc/startup_samd21.o
                0x00000000                exception_table
 *(.text .text.* .gnu.linkonce.t.*)
 .text          0x000000b4       0x60 c:/program files (x86)/atmel/studio/7.0/toolchain/arm/arm-gnu-toolchain/bin/../lib/gcc/arm-none-eabi/6.3.1/thumb/v6-m/crtbegin.o
 .text.usb_intf_sof_action
                0x00000114        0xc src/usb_intf.o
                0x00000114                usb_intf_sof_action
 .text.usb_intf_suspend_action
                0x00000120       0x14 src/usb_intf.o
                0x00000120                usb_intf_suspend_action
 .text.usb_intf_resume_action
                0x00000134       0x14 src/usb_intf.o
                0x00000134                usb_intf_resume_action
 .text.init_usb_intf
                0x00000148       0x1c src/usb_intf.o
                0x00000148                init_usb_intf
 .text.usb_intf_enable
                0x00000164       0x10 src/usb_intf.o
                0x00000164                usb_intf_enable
 .text.usb_intf_disable
                0x00000174        0xc src/usb_intf.o
                0x00000174                usb_intf_disable
 .text.usb_intf_setup_out_received
                0x00000180        0x4 src/usb_intf.o
                0x00000180                usb_intf_setup_out_received
 .text.usb_intf_setup_in_received
                0x00000184        0x4 src/usb_intf.o
                0x00000184                usb_intf_setup_in_received
 .text.udi_vendor_getsetting
                0x00000188        0xc src/ASF/common/services/usb/class/vendor/device/udi_vendor.o
                0x00000188                udi_vendor_getsetting
 .text.udi_vendor_enable
                0x00000194       0x28 src/ASF/common/services/usb/class/vendor/device/udi_vendor.o
                0x00000194                udi_vendor_enable
 .text.udi_vendor_disable
                0x000001bc       0x1c src/ASF/common/services/usb/class/vendor/device/udi_vendor.o
                0x000001bc                udi_vendor_disable
 .text.udi_vendor_setup
                0x000001d8       0x54 src/ASF/common/services/usb/class/vendor/device/udi_vendor.o
                0x000001d8                udi_vendor_setup
 .text.udc_next_desc_in_iface
                0x0000022c       0x4c src/ASF/common/services/usb/udc/udc.o
 .text.udc_valid_address
                0x00000278       0x18 src/ASF/common/services/usb/udc/udc.o
 .text.udc_update_iface_desc
                0x00000290       0x74 src/ASF/common/services/usb/udc/udc.o
 .text.udc_iface_disable
                0x00000304       0x6c src/ASF/common/services/usb/udc/udc.o
 .text.udc_iface_enable
                0x00000370       0x58 src/ASF/common/services/usb/udc/udc.o
 .text.udc_get_interface_desc
                0x000003c8        0xc src/ASF/common/services/usb/udc/udc.o
                0x000003c8                udc_get_interface_desc
 .text.udc_start
                0x000003d4        0xc src/ASF/common/services/usb/udc/udc.o
                0x000003d4                udc_start
 .text.udc_reset
                0x000003e0       0x4c src/ASF/common/services/usb/udc/udc.o
                0x000003e0                udc_reset
 .text.udc_sof_notify
                0x0000042c       0x44 src/ASF/common/services/usb/udc/udc.o
                0x0000042c                udc_sof_notify
 .text.udc_process_setup
                0x00000470      0x3f8 src/ASF/common/services/usb/udc/udc.o
                0x00000470                udc_process_setup
 .text.EIC_Handler
                0x00000868       0x54 src/ASF/sam0/drivers/extint/extint_callback.o
                0x00000868                EIC_Handler
 .text._extint_enable
                0x000008bc       0x18 src/ASF/sam0/drivers/extint/extint_sam_d_r_h/extint.o
 .text._system_extint_init
                0x000008d4       0x6c src/ASF/sam0/drivers/extint/extint_sam_d_r_h/extint.o
                0x000008d4                _system_extint_init
 .text._tcc_interrupt_handler
                0x00000940       0x4c src/ASF/sam0/drivers/tcc/tcc_callback.o
                0x00000940                _tcc_interrupt_handler
 .text.TCC0_Handler
                0x0000098c       0x10 src/ASF/sam0/drivers/tcc/tcc_callback.o
                0x0000098c                TCC0_Handler
 .text.TCC1_Handler
                0x0000099c       0x10 src/ASF/sam0/drivers/tcc/tcc_callback.o
                0x0000099c                TCC1_Handler
 .text.TCC2_Handler
                0x000009ac       0x10 src/ASF/sam0/drivers/tcc/tcc_callback.o
                0x000009ac                TCC2_Handler
 .text.udd_sleep_mode
                0x000009bc       0xc0 src/ASF/sam0/drivers/usb/stack_interface/usb_device_udd.o
 .text.udd_ep_get_job
                0x00000a7c       0x24 src/ASF/sam0/drivers/usb/stack_interface/usb_device_udd.o
 .text.udd_ep_transfer_process
                0x00000aa0      0x1b4 src/ASF/sam0/drivers/usb/stack_interface/usb_device_udd.o
 .text.udd_ctrl_stall_data
                0x00000c54       0x2c src/ASF/sam0/drivers/usb/stack_interface/usb_device_udd.o
 .text._usb_device_lpm_suspend
                0x00000c80       0x34 src/ASF/sam0/drivers/usb/stack_interface/usb_device_udd.o
 .text._usb_on_wakeup
                0x00000cb4       0x70 src/ASF/sam0/drivers/usb/stack_interface/usb_device_udd.o
 .text._usb_on_bus_reset
                0x00000d24       0xb0 src/ASF/sam0/drivers/usb/stack_interface/usb_device_udd.o
 .text.udd_ctrl_send_zlp_in
                0x00000dd4       0x3c src/ASF/sam0/drivers/usb/stack_interface/usb_device_udd.o
 .text._usb_ep0_on_tansfer_fail
                0x00000e10       0x54 src/ASF/sam0/drivers/usb/stack_interface/usb_device_udd.o
 .text.udd_ctrl_in_sent
                0x00000e64       0xa8 src/ASF/sam0/drivers/usb/stack_interface/usb_device_udd.o
 .text._usb_ep0_on_setup
                0x00000f0c       0xe4 src/ASF/sam0/drivers/usb/stack_interface/usb_device_udd.o
 .text._usb_on_sof_notify
                0x00000ff0       0x14 src/ASF/sam0/drivers/usb/stack_interface/usb_device_udd.o
 .text._usb_on_suspend
                0x00001004       0x34 src/ASF/sam0/drivers/usb/stack_interface/usb_device_udd.o
 .text.udd_ep_abort
                0x00001038       0x3c src/ASF/sam0/drivers/usb/stack_interface/usb_device_udd.o
                0x00001038                udd_ep_abort
 .text.udd_ep_free
                0x00001074       0x58 src/ASF/sam0/drivers/usb/stack_interface/usb_device_udd.o
                0x00001074                udd_ep_free
 .text.udd_ep_alloc
                0x000010cc      0x108 src/ASF/sam0/drivers/usb/stack_interface/usb_device_udd.o
                0x000010cc                udd_ep_alloc
 .text.udd_ep_is_halted
                0x000011d4       0x14 src/ASF/sam0/drivers/usb/stack_interface/usb_device_udd.o
                0x000011d4                udd_ep_is_halted
 .text.udd_ep_set_halt
                0x000011e8       0x30 src/ASF/sam0/drivers/usb/stack_interface/usb_device_udd.o
                0x000011e8                udd_ep_set_halt
 .text._usb_ep0_on_tansfer_ok
                0x00001218      0x100 src/ASF/sam0/drivers/usb/stack_interface/usb_device_udd.o
 .text.udd_ep_clear_halt
                0x00001318       0x44 src/ASF/sam0/drivers/usb/stack_interface/usb_device_udd.o
                0x00001318                udd_ep_clear_halt
 .text.udd_set_address
                0x0000135c       0x10 src/ASF/sam0/drivers/usb/stack_interface/usb_device_udd.o
                0x0000135c                udd_set_address
 .text.udd_getaddress
                0x0000136c       0x10 src/ASF/sam0/drivers/usb/stack_interface/usb_device_udd.o
                0x0000136c                udd_getaddress
 .text.udd_set_setup_payload
                0x0000137c        0xc src/ASF/sam0/drivers/usb/stack_interface/usb_device_udd.o
                0x0000137c                udd_set_setup_payload
 .text.udd_attach
                0x00001388       0x84 src/ASF/sam0/drivers/usb/stack_interface/usb_device_udd.o
                0x00001388                udd_attach
 .text.udd_enable
                0x0000140c       0x9c src/ASF/sam0/drivers/usb/stack_interface/usb_device_udd.o
                0x0000140c                udd_enable
 .text.usb_device_register_callback
                0x000014a8       0x24 src/ASF/sam0/drivers/usb/usb_sam_d_r/usb.o
                0x000014a8                usb_device_register_callback
 .text.usb_device_enable_callback
                0x000014cc       0x20 src/ASF/sam0/drivers/usb/usb_sam_d_r/usb.o
                0x000014cc                usb_device_enable_callback
 .text.usb_device_disable_callback
                0x000014ec       0x1c src/ASF/sam0/drivers/usb/usb_sam_d_r/usb.o
                0x000014ec                usb_device_disable_callback
 .text.usb_device_endpoint_register_callback
                0x00001508       0x28 src/ASF/sam0/drivers/usb/usb_sam_d_r/usb.o
                0x00001508                usb_device_endpoint_register_callback
 .text.usb_device_endpoint_unregister_callback
                0x00001530       0x28 src/ASF/sam0/drivers/usb/usb_sam_d_r/usb.o
                0x00001530                usb_device_endpoint_unregister_callback
 .text.usb_device_endpoint_enable_callback
                0x00001558       0xd0 src/ASF/sam0/drivers/usb/usb_sam_d_r/usb.o
                0x00001558                usb_device_endpoint_enable_callback
 .text.usb_device_endpoint_disable_callback
                0x00001628       0xd0 src/ASF/sam0/drivers/usb/usb_sam_d_r/usb.o
                0x00001628                usb_device_endpoint_disable_callback
 .text.usb_device_endpoint_get_config_defaults
                0x000016f8        0xe src/ASF/sam0/drivers/usb/usb_sam_d_r/usb.o
                0x000016f8                usb_device_endpoint_get_config_defaults
 *fill*         0x00001706        0x2 
 .text.usb_device_endpoint_set_config
                0x00001708      0x244 src/ASF/sam0/drivers/usb/usb_sam_d_r/usb.o
                0x00001708                usb_device_endpoint_set_config
 .text.usb_device_endpoint_abort_job
                0x0000194c       0x36 src/ASF/sam0/drivers/usb/usb_sam_d_r/usb.o
                0x0000194c                usb_device_endpoint_abort_job
 .text.usb_device_endpoint_is_halted
                0x00001982       0x2a src/ASF/sam0/drivers/usb/usb_sam_d_r/usb.o
                0x00001982                usb_device_endpoint_is_halted
 .text.usb_device_endpoint_set_halt
                0x000019ac       0x26 src/ASF/sam0/drivers/usb/usb_sam_d_r/usb.o
                0x000019ac                usb_device_endpoint_set_halt
 .text.usb_device_endpoint_clear_halt
                0x000019d2       0x84 src/ASF/sam0/drivers/usb/usb_sam_d_r/usb.o
                0x000019d2                usb_device_endpoint_clear_halt
 *fill*         0x00001a56        0x2 
 .text.usb_device_endpoint_write_buffer_job
                0x00001a58       0x54 src/ASF/sam0/drivers/usb/usb_sam_d_r/usb.o
                0x00001a58                usb_device_endpoint_write_buffer_job
 .text.usb_device_endpoint_read_buffer_job
                0x00001aac       0x50 src/ASF/sam0/drivers/usb/usb_sam_d_r/usb.o
                0x00001aac                usb_device_endpoint_read_buffer_job
 .text.usb_device_endpoint_setup_buffer_job
                0x00001afc       0x30 src/ASF/sam0/drivers/usb/usb_sam_d_r/usb.o
                0x00001afc                usb_device_endpoint_setup_buffer_job
 .text.usb_enable
                0x00001b2c       0x14 src/ASF/sam0/drivers/usb/usb_sam_d_r/usb.o
                0x00001b2c                usb_enable
 .text.USB_Handler
                0x00001b40      0x6e0 src/ASF/sam0/drivers/usb/usb_sam_d_r/usb.o
                0x00001b40                USB_Handler
 .text.usb_get_config_defaults
                0x00002220        0xe src/ASF/sam0/drivers/usb/usb_sam_d_r/usb.o
                0x00002220                usb_get_config_defaults
 *fill*         0x0000222e        0x2 
 .text.usb_init
                0x00002230      0x200 src/ASF/sam0/drivers/usb/usb_sam_d_r/usb.o
                0x00002230                usb_init
 .text.usart_serial_getchar
                0x00002430       0x2c src/console.o
 .text.usart_serial_putchar
                0x0000245c       0x18 src/console.o
 .text.console_init
                0x00002474      0x104 src/console.o
                0x00002474                console_init
 .text.spi_on_recv_callback
                0x00002578       0x4c src/spi.o
 .text.spi_initialize
                0x000025c4       0xd0 src/spi.o
                0x000025c4                spi_initialize
 .text.spi_write_bytes
                0x00002694       0x30 src/spi.o
                0x00002694                spi_write_bytes
 .text.delay_cycles_ms
                0x000026c4       0x2c src/ASF/common2/services/delay/sam0/systick_counter.o
                0x000026c4                delay_cycles_ms
 .text._read    0x000026f0       0x44 src/ASF/sam0/utils/stdio/read.o
                0x000026f0                _read
 .text._write   0x00002734       0x50 src/ASF/sam0/utils/stdio/write.o
                0x00002734                _write
 .text.long_division
                0x00002784       0xba src/ASF/sam0/drivers/sercom/sercom.o
 .text._sercom_get_sync_baud_val
                0x0000283e       0x28 src/ASF/sam0/drivers/sercom/sercom.o
                0x0000283e                _sercom_get_sync_baud_val
 *fill*         0x00002866        0x2 
 .text._sercom_get_async_baud_val
                0x00002868       0x94 src/ASF/sam0/drivers/sercom/sercom.o
                0x00002868                _sercom_get_async_baud_val
 .text.sercom_set_gclk_generator
                0x000028fc       0x4c src/ASF/sam0/drivers/sercom/sercom.o
                0x000028fc                sercom_set_gclk_generator
 .text._sercom_get_default_pad
                0x00002948      0x178 src/ASF/sam0/drivers/sercom/sercom.o
                0x00002948                _sercom_get_default_pad
 .text._sercom_get_sercom_inst_index
                0x00002ac0       0x38 src/ASF/sam0/drivers/sercom/sercom.o
                0x00002ac0                _sercom_get_sercom_inst_index
 .text.usart_init
                0x00002af8      0x33c src/ASF/sam0/drivers/sercom/usart/usart.o
                0x00002af8                usart_init
 .text.usart_write_wait
                0x00002e34       0x26 src/ASF/sam0/drivers/sercom/usart/usart.o
                0x00002e34                usart_write_wait
 .text.usart_read_wait
                0x00002e5a       0x6a src/ASF/sam0/drivers/sercom/usart/usart.o
                0x00002e5a                usart_read_wait
 .text._usart_interrupt_handler
                0x00002ec4      0x194 src/ASF/sam0/drivers/sercom/usart/usart_interrupt.o
                0x00002ec4                _usart_interrupt_handler
 .text.spi_init
                0x00003058      0x214 src/ASF/sam0/drivers/sercom/spi/spi.o
                0x00003058                spi_init
 .text.spi_register_callback
                0x0000326c       0x18 src/ASF/sam0/drivers/sercom/spi/spi_interrupt.o
                0x0000326c                spi_register_callback
 .text.spi_write_buffer_job
                0x00003284       0x4a src/ASF/sam0/drivers/sercom/spi/spi_interrupt.o
                0x00003284                spi_write_buffer_job
 *fill*         0x000032ce        0x2 
 .text.spi_read_buffer_job
                0x000032d0       0x60 src/ASF/sam0/drivers/sercom/spi/spi_interrupt.o
                0x000032d0                spi_read_buffer_job
 .text._spi_interrupt_handler
                0x00003330      0x224 src/ASF/sam0/drivers/sercom/spi/spi_interrupt.o
                0x00003330                _spi_interrupt_handler
 .text._sercom_default_handler
                0x00003554        0x2 src/ASF/sam0/drivers/sercom/sercom_interrupt.o
 *fill*         0x00003556        0x2 
 .text._sercom_set_handler
                0x00003558       0x3c src/ASF/sam0/drivers/sercom/sercom_interrupt.o
                0x00003558                _sercom_set_handler
 .text._sercom_get_interrupt_vector
                0x00003594       0x30 src/ASF/sam0/drivers/sercom/sercom_interrupt.o
                0x00003594                _sercom_get_interrupt_vector
 .text.SERCOM0_Handler
                0x000035c4       0x10 src/ASF/sam0/drivers/sercom/sercom_interrupt.o
                0x000035c4                SERCOM0_Handler
 .text.SERCOM1_Handler
                0x000035d4       0x10 src/ASF/sam0/drivers/sercom/sercom_interrupt.o
                0x000035d4                SERCOM1_Handler
 .text.SERCOM2_Handler
                0x000035e4       0x10 src/ASF/sam0/drivers/sercom/sercom_interrupt.o
                0x000035e4                SERCOM2_Handler
 .text.SERCOM3_Handler
                0x000035f4       0x10 src/ASF/sam0/drivers/sercom/sercom_interrupt.o
                0x000035f4                SERCOM3_Handler
 .text.SERCOM4_Handler
                0x00003604       0x10 src/ASF/sam0/drivers/sercom/sercom_interrupt.o
                0x00003604                SERCOM4_Handler
 .text.SERCOM5_Handler
                0x00003614       0x10 src/ASF/sam0/drivers/sercom/sercom_interrupt.o
                0x00003614                SERCOM5_Handler
 .text.system_board_init
                0x00003624        0x2 src/ASF/common2/boards/user_board/init.o
                0x00003624                board_init
                0x00003624                system_board_init
 *fill*         0x00003626        0x2 
 .text.cpu_irq_enter_critical
                0x00003628       0x40 src/ASF/common/utils/interrupt/interrupt_sam_nvic.o
                0x00003628                cpu_irq_enter_critical
 .text.cpu_irq_leave_critical
                0x00003668       0x30 src/ASF/common/utils/interrupt/interrupt_sam_nvic.o
                0x00003668                cpu_irq_leave_critical
 .text.system_clock_source_get_hz
                0x00003698       0x94 src/ASF/sam0/drivers/system/clock/clock_samd21_r21_da_ha1/clock.o
                0x00003698                system_clock_source_get_hz
 .text.system_clock_source_osc8m_set_config
                0x0000372c       0x3c src/ASF/sam0/drivers/system/clock/clock_samd21_r21_da_ha1/clock.o
                0x0000372c                system_clock_source_osc8m_set_config
 .text.system_clock_source_dfll_set_config
                0x00003768       0x80 src/ASF/sam0/drivers/system/clock/clock_samd21_r21_da_ha1/clock.o
                0x00003768                system_clock_source_dfll_set_config
 .text.system_clock_source_enable
                0x000037e8       0xa8 src/ASF/sam0/drivers/system/clock/clock_samd21_r21_da_ha1/clock.o
                0x000037e8                system_clock_source_enable
 .text.system_clock_init
                0x00003890      0x114 src/ASF/sam0/drivers/system/clock/clock_samd21_r21_da_ha1/clock.o
                0x00003890                system_clock_init
 .text.system_gclk_init
                0x000039a4       0x24 src/ASF/sam0/drivers/system/clock/clock_samd21_r21_da_ha1/gclk.o
                0x000039a4                system_gclk_init
 .text.system_gclk_gen_set_config
                0x000039c8       0xb8 src/ASF/sam0/drivers/system/clock/clock_samd21_r21_da_ha1/gclk.o
                0x000039c8                system_gclk_gen_set_config
 .text.system_gclk_gen_enable
                0x00003a80       0x44 src/ASF/sam0/drivers/system/clock/clock_samd21_r21_da_ha1/gclk.o
                0x00003a80                system_gclk_gen_enable
 .text.system_gclk_gen_get_hz
                0x00003ac4       0x8c src/ASF/sam0/drivers/system/clock/clock_samd21_r21_da_ha1/gclk.o
                0x00003ac4                system_gclk_gen_get_hz
 .text.system_gclk_chan_enable
                0x00003b50       0x30 src/ASF/sam0/drivers/system/clock/clock_samd21_r21_da_ha1/gclk.o
                0x00003b50                system_gclk_chan_enable
 .text.system_gclk_chan_disable
                0x00003b80       0x5c src/ASF/sam0/drivers/system/clock/clock_samd21_r21_da_ha1/gclk.o
                0x00003b80                system_gclk_chan_disable
 .text.system_gclk_chan_set_config
                0x00003bdc       0x1c src/ASF/sam0/drivers/system/clock/clock_samd21_r21_da_ha1/gclk.o
                0x00003bdc                system_gclk_chan_set_config
 .text.system_gclk_chan_get_hz
                0x00003bf8       0x34 src/ASF/sam0/drivers/system/clock/clock_samd21_r21_da_ha1/gclk.o
                0x00003bf8                system_gclk_chan_get_hz
 .text._system_pinmux_config
                0x00003c2c       0xa8 src/ASF/sam0/drivers/system/pinmux/pinmux.o
 .text.system_pinmux_pin_set_config
                0x00003cd4       0x30 src/ASF/sam0/drivers/system/pinmux/pinmux.o
                0x00003cd4                system_pinmux_pin_set_config
 .text._system_dummy_init
                0x00003d04        0x2 src/ASF/sam0/drivers/system/system.o
                0x00003d04                _system_events_init
                0x00003d04                _system_dummy_init
                0x00003d04                _system_divas_init
 *fill*         0x00003d06        0x2 
 .text.system_init
                0x00003d08       0x2c src/ASF/sam0/drivers/system/system.o
                0x00003d08                system_init
 .text.Dummy_Handler
                0x00003d34        0x2 src/ASF/sam0/utils/cmsis/samd21/source/gcc/startup_samd21.o
                0x00003d34                DMAC_Handler
                0x00003d34                HardFault_Handler
                0x00003d34                AC_Handler
                0x00003d34                SysTick_Handler
                0x00003d34                PendSV_Handler
                0x00003d34                NMI_Handler
                0x00003d34                ADC_Handler
                0x00003d34                RTC_Handler
                0x00003d34                WDT_Handler
                0x00003d34                TC4_Handler
                0x00003d34                TC3_Handler
                0x00003d34                Dummy_Handler
                0x00003d34                PM_Handler
                0x00003d34                SVC_Handler
                0x00003d34                EVSYS_Handler
                0x00003d34                I2S_Handler
                0x00003d34                NVMCTRL_Handler
                0x00003d34                DAC_Handler
                0x00003d34                PTC_Handler
                0x00003d34                TC5_Handler
                0x00003d34                SYSCTRL_Handler
 *fill*         0x00003d36        0x2 
 .text.Reset_Handler
                0x00003d38       0xe4 src/ASF/sam0/utils/cmsis/samd21/source/gcc/startup_samd21.o
                0x00003d38                Reset_Handler
 .text._sbrk    0x00003e1c       0x24 src/ASF/sam0/utils/syscalls/gcc/syscalls.o
                0x00003e1c                _sbrk
 .text._close   0x00003e40        0x6 src/ASF/sam0/utils/syscalls/gcc/syscalls.o
                0x00003e40                _close
 .text._fstat   0x00003e46        0xa src/ASF/sam0/utils/syscalls/gcc/syscalls.o
                0x00003e46                _fstat
 .text._isatty  0x00003e50        0x4 src/ASF/sam0/utils/syscalls/gcc/syscalls.o
                0x00003e50                _isatty
 .text._lseek   0x00003e54        0x4 src/ASF/sam0/utils/syscalls/gcc/syscalls.o
                0x00003e54                _lseek
 .text.main     0x00003e58       0x48 src/main.o
                0x00003e58                main
 .text          0x00003ea0      0x114 c:/program files (x86)/atmel/studio/7.0/toolchain/arm/arm-gnu-toolchain/bin/../lib/gcc/arm-none-eabi/6.3.1/thumb/v6-m\libgcc.a(_udivsi3.o)
                0x00003ea0                __aeabi_uidiv
                0x00003ea0                __udivsi3
                0x00003fac                __aeabi_uidivmod
 .text          0x00003fb4      0x1d4 c:/program files (x86)/atmel/studio/7.0/toolchain/arm/arm-gnu-toolchain/bin/../lib/gcc/arm-none-eabi/6.3.1/thumb/v6-m\libgcc.a(_divsi3.o)
                0x00003fb4                __divsi3
                0x00003fb4                __aeabi_idiv
                0x00004180                __aeabi_idivmod
 .text          0x00004188        0x4 c:/program files (x86)/atmel/studio/7.0/toolchain/arm/arm-gnu-toolchain/bin/../lib/gcc/arm-none-eabi/6.3.1/thumb/v6-m\libgcc.a(_dvmd_tls.o)
                0x00004188                __aeabi_idiv0
                0x00004188                __aeabi_ldiv0
 .text          0x0000418c       0x40 c:/program files (x86)/atmel/studio/7.0/toolchain/arm/arm-gnu-toolchain/bin/../lib/gcc/arm-none-eabi/6.3.1/thumb/v6-m\libgcc.a(_ctzsi2.o)
                0x0000418c                __ctzsi2
 .text          0x000041cc       0x54 c:/program files (x86)/atmel/studio/7.0/toolchain/arm/arm-gnu-toolchain/bin/../lib/gcc/arm-none-eabi/6.3.1/thumb/v6-m\libgcc.a(_muldi3.o)
                0x000041cc                __muldi3
                0x000041cc                __aeabi_lmul
 .text.__libc_init_array
                0x00004220       0x48 c:/program files (x86)/atmel/studio/7.0/toolchain/arm/arm-gnu-toolchain/bin/../lib/gcc/arm-none-eabi/6.3.1/../../../../arm-none-eabi/lib/thumb/v6-m\libc_nano.a(lib_a-init.o)
                0x00004220                __libc_init_array
 .text.memcpy   0x00004268       0x12 c:/program files (x86)/atmel/studio/7.0/toolchain/arm/arm-gnu-toolchain/bin/../lib/gcc/arm-none-eabi/6.3.1/../../../../arm-none-eabi/lib/thumb/v6-m\libc_nano.a(lib_a-memcpy-stub.o)
                0x00004268                memcpy
 .text.memset   0x0000427a       0x10 c:/program files (x86)/atmel/studio/7.0/toolchain/arm/arm-gnu-toolchain/bin/../lib/gcc/arm-none-eabi/6.3.1/../../../../arm-none-eabi/lib/thumb/v6-m\libc_nano.a(lib_a-memset.o)
                0x0000427a                memset
 *fill*         0x0000428a        0x2 
 .text.printf   0x0000428c       0x34 c:/program files (x86)/atmel/studio/7.0/toolchain/arm/arm-gnu-toolchain/bin/../lib/gcc/arm-none-eabi/6.3.1/../../../../arm-none-eabi/lib/thumb/v6-m\libc_nano.a(lib_a-printf.o)
                0x0000428c                iprintf
                0x0000428c                printf
 .text.setbuf   0x000042c0       0x12 c:/program files (x86)/atmel/studio/7.0/toolchain/arm/arm-gnu-toolchain/bin/../lib/gcc/arm-none-eabi/6.3.1/../../../../arm-none-eabi/lib/thumb/v6-m\libc_nano.a(lib_a-setbuf.o)
                0x000042c0                setbuf
 *fill*         0x000042d2        0x2 
 .text.setvbuf  0x000042d4      0x158 c:/program files (x86)/atmel/studio/7.0/toolchain/arm/arm-gnu-toolchain/bin/../lib/gcc/arm-none-eabi/6.3.1/../../../../arm-none-eabi/lib/thumb/v6-m\libc_nano.a(lib_a-setvbuf.o)
                0x000042d4                setvbuf
 .text.__sflush_r
                0x0000442c      0x114 c:/program files (x86)/atmel/studio/7.0/toolchain/arm/arm-gnu-toolchain/bin/../lib/gcc/arm-none-eabi/6.3.1/../../../../arm-none-eabi/lib/thumb/v6-m\libc_nano.a(lib_a-fflush.o)
                0x0000442c                __sflush_r
 .text._fflush_r
                0x00004540       0x58 c:/program files (x86)/atmel/studio/7.0/toolchain/arm/arm-gnu-toolchain/bin/../lib/gcc/arm-none-eabi/6.3.1/../../../../arm-none-eabi/lib/thumb/v6-m\libc_nano.a(lib_a-fflush.o)
                0x00004540                _fflush_r
 .text._cleanup_r
                0x00004598       0x10 c:/program files (x86)/atmel/studio/7.0/toolchain/arm/arm-gnu-toolchain/bin/../lib/gcc/arm-none-eabi/6.3.1/../../../../arm-none-eabi/lib/thumb/v6-m\libc_nano.a(lib_a-findfp.o)
                0x00004598                _cleanup_r
 .text.std.isra.0
                0x000045a8       0x48 c:/program files (x86)/atmel/studio/7.0/toolchain/arm/arm-gnu-toolchain/bin/../lib/gcc/arm-none-eabi/6.3.1/../../../../arm-none-eabi/lib/thumb/v6-m\libc_nano.a(lib_a-findfp.o)
 .text.__sfmoreglue
                0x000045f0       0x2c c:/program files (x86)/atmel/studio/7.0/toolchain/arm/arm-gnu-toolchain/bin/../lib/gcc/arm-none-eabi/6.3.1/../../../../arm-none-eabi/lib/thumb/v6-m\libc_nano.a(lib_a-findfp.o)
                0x000045f0                __sfmoreglue
 .text.__sinit  0x0000461c       0x68 c:/program files (x86)/atmel/studio/7.0/toolchain/arm/arm-gnu-toolchain/bin/../lib/gcc/arm-none-eabi/6.3.1/../../../../arm-none-eabi/lib/thumb/v6-m\libc_nano.a(lib_a-findfp.o)
                0x0000461c                __sinit
 .text.__sfp    0x00004684       0x80 c:/program files (x86)/atmel/studio/7.0/toolchain/arm/arm-gnu-toolchain/bin/../lib/gcc/arm-none-eabi/6.3.1/../../../../arm-none-eabi/lib/thumb/v6-m\libc_nano.a(lib_a-findfp.o)
                0x00004684                __sfp
 .text._fwalk_reent
                0x00004704       0x42 c:/program files (x86)/atmel/studio/7.0/toolchain/arm/arm-gnu-toolchain/bin/../lib/gcc/arm-none-eabi/6.3.1/../../../../arm-none-eabi/lib/thumb/v6-m\libc_nano.a(lib_a-fwalk.o)
                0x00004704                _fwalk_reent
 *fill*         0x00004746        0x2 
 .text.__swhatbuf_r
                0x00004748       0x50 c:/program files (x86)/atmel/studio/7.0/toolchain/arm/arm-gnu-toolchain/bin/../lib/gcc/arm-none-eabi/6.3.1/../../../../arm-none-eabi/lib/thumb/v6-m\libc_nano.a(lib_a-makebuf.o)
                0x00004748                __swhatbuf_r
 .text.__smakebuf_r
                0x00004798       0x88 c:/program files (x86)/atmel/studio/7.0/toolchain/arm/arm-gnu-toolchain/bin/../lib/gcc/arm-none-eabi/6.3.1/../../../../arm-none-eabi/lib/thumb/v6-m\libc_nano.a(lib_a-makebuf.o)
                0x00004798                __smakebuf_r
 .text.malloc   0x00004820       0x14 c:/program files (x86)/atmel/studio/7.0/toolchain/arm/arm-gnu-toolchain/bin/../lib/gcc/arm-none-eabi/6.3.1/../../../../arm-none-eabi/lib/thumb/v6-m\libc_nano.a(lib_a-malloc.o)
                0x00004820                malloc
 .text._free_r  0x00004834       0x94 c:/program files (x86)/atmel/studio/7.0/toolchain/arm/arm-gnu-toolchain/bin/../lib/gcc/arm-none-eabi/6.3.1/../../../../arm-none-eabi/lib/thumb/v6-m\libc_nano.a(lib_a-nano-freer.o)
                0x00004834                _free_r
 .text._malloc_r
                0x000048c8       0xbc c:/program files (x86)/atmel/studio/7.0/toolchain/arm/arm-gnu-toolchain/bin/../lib/gcc/arm-none-eabi/6.3.1/../../../../arm-none-eabi/lib/thumb/v6-m\libc_nano.a(lib_a-nano-mallocr.o)
                0x000048c8                _malloc_r
 .text.__sfputc_r
                0x00004984       0x2a c:/program files (x86)/atmel/studio/7.0/toolchain/arm/arm-gnu-toolchain/bin/../lib/gcc/arm-none-eabi/6.3.1/../../../../arm-none-eabi/lib/thumb/v6-m\libc_nano.a(lib_a-nano-vfprintf.o)
 .text.__sfputs_r
                0x000049ae       0x24 c:/program files (x86)/atmel/studio/7.0/toolchain/arm/arm-gnu-toolchain/bin/../lib/gcc/arm-none-eabi/6.3.1/../../../../arm-none-eabi/lib/thumb/v6-m\libc_nano.a(lib_a-nano-vfprintf.o)
                0x000049ae                __sfputs_r
 *fill*         0x000049d2        0x2 
 .text._vfprintf_r
                0x000049d4      0x238 c:/program files (x86)/atmel/studio/7.0/toolchain/arm/arm-gnu-toolchain/bin/../lib/gcc/arm-none-eabi/6.3.1/../../../../arm-none-eabi/lib/thumb/v6-m\libc_nano.a(lib_a-nano-vfprintf.o)
                0x000049d4                _vfprintf_r
                0x000049d4                _vfiprintf_r
 .text._printf_common
                0x00004c0c       0xda c:/program files (x86)/atmel/studio/7.0/toolchain/arm/arm-gnu-toolchain/bin/../lib/gcc/arm-none-eabi/6.3.1/../../../../arm-none-eabi/lib/thumb/v6-m\libc_nano.a(lib_a-nano-vfprintf_i.o)
                0x00004c0c                _printf_common
 *fill*         0x00004ce6        0x2 
 .text._printf_i
                0x00004ce8      0x234 c:/program files (x86)/atmel/studio/7.0/toolchain/arm/arm-gnu-toolchain/bin/../lib/gcc/arm-none-eabi/6.3.1/../../../../arm-none-eabi/lib/thumb/v6-m\libc_nano.a(lib_a-nano-vfprintf_i.o)
                0x00004ce8                _printf_i
 .text._sbrk_r  0x00004f1c       0x24 c:/program files (x86)/atmel/studio/7.0/toolchain/arm/arm-gnu-toolchain/bin/../lib/gcc/arm-none-eabi/6.3.1/../../../../arm-none-eabi/lib/thumb/v6-m\libc_nano.a(lib_a-sbrkr.o)
                0x00004f1c                _sbrk_r
 .text.__sread  0x00004f40       0x28 c:/program files (x86)/atmel/studio/7.0/toolchain/arm/arm-gnu-toolchain/bin/../lib/gcc/arm-none-eabi/6.3.1/../../../../arm-none-eabi/lib/thumb/v6-m\libc_nano.a(lib_a-stdio.o)
                0x00004f40                __sread
 .text.__swrite
                0x00004f68       0x38 c:/program files (x86)/atmel/studio/7.0/toolchain/arm/arm-gnu-toolchain/bin/../lib/gcc/arm-none-eabi/6.3.1/../../../../arm-none-eabi/lib/thumb/v6-m\libc_nano.a(lib_a-stdio.o)
                0x00004f68                __swrite
 .text.__sseek  0x00004fa0       0x2c c:/program files (x86)/atmel/studio/7.0/toolchain/arm/arm-gnu-toolchain/bin/../lib/gcc/arm-none-eabi/6.3.1/../../../../arm-none-eabi/lib/thumb/v6-m\libc_nano.a(lib_a-stdio.o)
                0x00004fa0                __sseek
 .text.__sclose
                0x00004fcc        0xc c:/program files (x86)/atmel/studio/7.0/toolchain/arm/arm-gnu-toolchain/bin/../lib/gcc/arm-none-eabi/6.3.1/../../../../arm-none-eabi/lib/thumb/v6-m\libc_nano.a(lib_a-stdio.o)
                0x00004fcc                __sclose
 .text.__swbuf_r
                0x00004fd8       0xac c:/program files (x86)/atmel/studio/7.0/toolchain/arm/arm-gnu-toolchain/bin/../lib/gcc/arm-none-eabi/6.3.1/../../../../arm-none-eabi/lib/thumb/v6-m\libc_nano.a(lib_a-wbuf.o)
                0x00004fd8                __swbuf_r
 .text._write_r
                0x00005084       0x28 c:/program files (x86)/atmel/studio/7.0/toolchain/arm/arm-gnu-toolchain/bin/../lib/gcc/arm-none-eabi/6.3.1/../../../../arm-none-eabi/lib/thumb/v6-m\libc_nano.a(lib_a-writer.o)
                0x00005084                _write_r
 .text.__swsetup_r
                0x000050ac       0xec c:/program files (x86)/atmel/studio/7.0/toolchain/arm/arm-gnu-toolchain/bin/../lib/gcc/arm-none-eabi/6.3.1/../../../../arm-none-eabi/lib/thumb/v6-m\libc_nano.a(lib_a-wsetup.o)
                0x000050ac                __swsetup_r
 .text._close_r
                0x00005198       0x24 c:/program files (x86)/atmel/studio/7.0/toolchain/arm/arm-gnu-toolchain/bin/../lib/gcc/arm-none-eabi/6.3.1/../../../../arm-none-eabi/lib/thumb/v6-m\libc_nano.a(lib_a-closer.o)
                0x00005198                _close_r
 .text._fstat_r
                0x000051bc       0x24 c:/program files (x86)/atmel/studio/7.0/toolchain/arm/arm-gnu-toolchain/bin/../lib/gcc/arm-none-eabi/6.3.1/../../../../arm-none-eabi/lib/thumb/v6-m\libc_nano.a(lib_a-fstatr.o)
                0x000051bc                _fstat_r
 .text._isatty_r
                0x000051e0       0x24 c:/program files (x86)/atmel/studio/7.0/toolchain/arm/arm-gnu-toolchain/bin/../lib/gcc/arm-none-eabi/6.3.1/../../../../arm-none-eabi/lib/thumb/v6-m\libc_nano.a(lib_a-isattyr.o)
                0x000051e0                _isatty_r
 .text._lseek_r
                0x00005204       0x28 c:/program files (x86)/atmel/studio/7.0/toolchain/arm/arm-gnu-toolchain/bin/../lib/gcc/arm-none-eabi/6.3.1/../../../../arm-none-eabi/lib/thumb/v6-m\libc_nano.a(lib_a-lseekr.o)
                0x00005204                _lseek_r
 .text.memchr   0x0000522c       0x16 c:/program files (x86)/atmel/studio/7.0/toolchain/arm/arm-gnu-toolchain/bin/../lib/gcc/arm-none-eabi/6.3.1/../../../../arm-none-eabi/lib/thumb/v6-m\libc_nano.a(lib_a-memchr-stub.o)
                0x0000522c                memchr
 .text.__malloc_lock
                0x00005242        0x2 c:/program files (x86)/atmel/studio/7.0/toolchain/arm/arm-gnu-toolchain/bin/../lib/gcc/arm-none-eabi/6.3.1/../../../../arm-none-eabi/lib/thumb/v6-m\libc_nano.a(lib_a-mlock.o)
                0x00005242                __malloc_lock
 .text.__malloc_unlock
                0x00005244        0x2 c:/program files (x86)/atmel/studio/7.0/toolchain/arm/arm-gnu-toolchain/bin/../lib/gcc/arm-none-eabi/6.3.1/../../../../arm-none-eabi/lib/thumb/v6-m\libc_nano.a(lib_a-mlock.o)
                0x00005244                __malloc_unlock
 *fill*         0x00005246        0x2 
 .text._read_r  0x00005248       0x28 c:/program files (x86)/atmel/studio/7.0/toolchain/arm/arm-gnu-toolchain/bin/../lib/gcc/arm-none-eabi/6.3.1/../../../../arm-none-eabi/lib/thumb/v6-m\libc_nano.a(lib_a-readr.o)
                0x00005248                _read_r
 *(.glue_7t)
 .glue_7t       0x00005270        0x0 linker stubs
 *(.glue_7)
 .glue_7        0x00005270        0x0 linker stubs
 *(.rodata .rodata* .gnu.linkonce.r.*)
 .rodata.init_usb_intf.str1.4
                0x00005270       0x10 src/usb_intf.o
 .rodata.usb_intf_resume_action.str1.4
                0x00005280       0x13 src/usb_intf.o
 *fill*         0x00005293        0x1 
 .rodata.usb_intf_suspend_action.str1.4
                0x00005294       0x15 src/usb_intf.o
 *fill*         0x000052a9        0x3 
 .rodata._tcc_intflag
                0x000052ac       0x30 src/ASF/sam0/drivers/tcc/tcc_callback.o
                0x000052ac                _tcc_intflag
 .rodata.usb_device_endpoint_set_config
                0x000052dc       0x14 src/ASF/sam0/drivers/usb/usb_sam_d_r/usb.o
 .rodata._usb_device_irq_bits
                0x000052f0        0xe src/ASF/sam0/drivers/usb/usb_sam_d_r/usb.o
 *fill*         0x000052fe        0x2 
 .rodata._usb_endpoint_irq_bits
                0x00005300        0x4 src/ASF/sam0/drivers/usb/usb_sam_d_r/usb.o
 .rodata.console_init.str1.4
                0x00005304       0x1a src/console.o
 *fill*         0x0000531e        0x2 
 .rodata.spi_on_recv_callback.str1.4
                0x00005320        0x5 src/spi.o
 *fill*         0x00005325        0x3 
 .rodata.spi_write_bytes.str1.4
                0x00005328       0x3c src/spi.o
                                 0x3b (size before relaxing)
 .rodata        0x00005364       0x18 src/ASF/sam0/drivers/sercom/sercom.o
 .rodata.system_clock_source_get_hz
                0x0000537c       0x24 src/ASF/sam0/drivers/system/clock/clock_samd21_r21_da_ha1/clock.o
 .rodata.system_clock_source_enable
                0x000053a0       0x24 src/ASF/sam0/drivers/system/clock/clock_samd21_r21_da_ha1/clock.o
 .rodata._global_impure_ptr
                0x000053c4        0x4 c:/program files (x86)/atmel/studio/7.0/toolchain/arm/arm-gnu-toolchain/bin/../lib/gcc/arm-none-eabi/6.3.1/../../../../arm-none-eabi/lib/thumb/v6-m\libc_nano.a(lib_a-impure.o)
                0x000053c4                _global_impure_ptr
 .rodata.__sf_fake_stderr
                0x000053c8       0x20 c:/program files (x86)/atmel/studio/7.0/toolchain/arm/arm-gnu-toolchain/bin/../lib/gcc/arm-none-eabi/6.3.1/../../../../arm-none-eabi/lib/thumb/v6-m\libc_nano.a(lib_a-findfp.o)
                0x000053c8                __sf_fake_stderr
 .rodata.__sf_fake_stdin
                0x000053e8       0x20 c:/program files (x86)/atmel/studio/7.0/toolchain/arm/arm-gnu-toolchain/bin/../lib/gcc/arm-none-eabi/6.3.1/../../../../arm-none-eabi/lib/thumb/v6-m\libc_nano.a(lib_a-findfp.o)
                0x000053e8                __sf_fake_stdin
 .rodata.__sf_fake_stdout
                0x00005408       0x20 c:/program files (x86)/atmel/studio/7.0/toolchain/arm/arm-gnu-toolchain/bin/../lib/gcc/arm-none-eabi/6.3.1/../../../../arm-none-eabi/lib/thumb/v6-m\libc_nano.a(lib_a-findfp.o)
                0x00005408                __sf_fake_stdout
 .rodata._vfprintf_r.str1.1
                0x00005428       0x11 c:/program files (x86)/atmel/studio/7.0/toolchain/arm/arm-gnu-toolchain/bin/../lib/gcc/arm-none-eabi/6.3.1/../../../../arm-none-eabi/lib/thumb/v6-m\libc_nano.a(lib_a-nano-vfprintf.o)
 .rodata._printf_i.str1.1
                0x00005439       0x22 c:/program files (x86)/atmel/studio/7.0/toolchain/arm/arm-gnu-toolchain/bin/../lib/gcc/arm-none-eabi/6.3.1/../../../../arm-none-eabi/lib/thumb/v6-m\libc_nano.a(lib_a-nano-vfprintf_i.o)
 *(.ARM.extab* .gnu.linkonce.armextab.*)
                0x0000545c                . = ALIGN (0x4)
 *fill*         0x0000545b        0x1 
 *(.init)
 .init          0x0000545c        0x4 c:/program files (x86)/atmel/studio/7.0/toolchain/arm/arm-gnu-toolchain/bin/../lib/gcc/arm-none-eabi/6.3.1/thumb/v6-m/crti.o
                0x0000545c                _init
 .init          0x00005460        0x8 c:/program files (x86)/atmel/studio/7.0/toolchain/arm/arm-gnu-toolchain/bin/../lib/gcc/arm-none-eabi/6.3.1/thumb/v6-m/crtn.o
                0x00005468                . = ALIGN (0x4)
                0x00005468                __preinit_array_start = .
 *(.preinit_array)
                0x00005468                __preinit_array_end = .
                0x00005468                . = ALIGN (0x4)
                0x00005468                __init_array_start = .
 *(SORT(.init_array.*))
 *(.init_array)
 .init_array    0x00005468        0x4 c:/program files (x86)/atmel/studio/7.0/toolchain/arm/arm-gnu-toolchain/bin/../lib/gcc/arm-none-eabi/6.3.1/thumb/v6-m/crtbegin.o
                0x0000546c                __init_array_end = .
                0x0000546c                . = ALIGN (0x4)
 *crtbegin.o(.ctors)
 *(EXCLUDE_FILE(*crtend.o) .ctors)
 *(SORT(.ctors.*))
 *crtend.o(.ctors)
                0x0000546c                . = ALIGN (0x4)
 *(.fini)
 .fini          0x0000546c        0x4 c:/program files (x86)/atmel/studio/7.0/toolchain/arm/arm-gnu-toolchain/bin/../lib/gcc/arm-none-eabi/6.3.1/thumb/v6-m/crti.o
                0x0000546c                _fini
 .fini          0x00005470        0x8 c:/program files (x86)/atmel/studio/7.0/toolchain/arm/arm-gnu-toolchain/bin/../lib/gcc/arm-none-eabi/6.3.1/thumb/v6-m/crtn.o
                0x00005478                . = ALIGN (0x4)
                0x00005478                __fini_array_start = .
 *(.fini_array)
 .fini_array    0x00005478        0x4 c:/program files (x86)/atmel/studio/7.0/toolchain/arm/arm-gnu-toolchain/bin/../lib/gcc/arm-none-eabi/6.3.1/thumb/v6-m/crtbegin.o
 *(SORT(.fini_array.*))
                0x0000547c                __fini_array_end = .
 *crtbegin.o(.dtors)
 *(EXCLUDE_FILE(*crtend.o) .dtors)
 *(SORT(.dtors.*))
 *crtend.o(.dtors)
                0x0000547c                . = ALIGN (0x4)
                0x0000547c                _efixed = .
                [!provide]                PROVIDE (__exidx_start, .)

.vfp11_veneer   0x0000547c        0x0
 .vfp11_veneer  0x0000547c        0x0 linker stubs

.v4_bx          0x0000547c        0x0
 .v4_bx         0x0000547c        0x0 linker stubs

.iplt           0x0000547c        0x0
 .iplt          0x0000547c        0x0 c:/program files (x86)/atmel/studio/7.0/toolchain/arm/arm-gnu-toolchain/bin/../lib/gcc/arm-none-eabi/6.3.1/thumb/v6-m/crtbegin.o

.eh_frame       0x0000547c        0x0
 .eh_frame      0x0000547c        0x0 c:/program files (x86)/atmel/studio/7.0/toolchain/arm/arm-gnu-toolchain/bin/../lib/gcc/arm-none-eabi/6.3.1/thumb/v6-m/crtbegin.o

.rel.dyn        0x0000547c        0x0
 .rel.iplt      0x0000547c        0x0 c:/program files (x86)/atmel/studio/7.0/toolchain/arm/arm-gnu-toolchain/bin/../lib/gcc/arm-none-eabi/6.3.1/thumb/v6-m/crtbegin.o

.jcr            0x0000547c        0x0
 .jcr           0x0000547c        0x0 c:/program files (x86)/atmel/studio/7.0/toolchain/arm/arm-gnu-toolchain/bin/../lib/gcc/arm-none-eabi/6.3.1/thumb/v6-m/crtbegin.o

.igot.plt       0x0000547c        0x0
 .igot.plt      0x0000547c        0x0 c:/program files (x86)/atmel/studio/7.0/toolchain/arm/arm-gnu-toolchain/bin/../lib/gcc/arm-none-eabi/6.3.1/thumb/v6-m/crtbegin.o

.ARM.exidx
 *(.ARM.exidx* .gnu.linkonce.armexidx.*)
                [!provide]                PROVIDE (__exidx_end, .)
                0x0000547c                . = ALIGN (0x4)
                0x0000547c                _etext = .

.relocate       0x20000000      0x108 load address 0x0000547c
                0x20000000                . = ALIGN (0x4)
                0x20000000                _srelocate = .
 *(.ramfunc .ramfunc.*)
 *(.data .data.*)
 .data.udi_api_vendor
                0x20000000       0x14 src/ASF/common/services/usb/class/vendor/device/udi_vendor.o
                0x20000000                udi_api_vendor
 .data.udc_config
                0x20000014        0xc src/ASF/common/services/usb/class/vendor/device/udi_vendor_desc.o
                0x20000014                udc_config
 .data.udc_config_lsfs
                0x20000020        0x8 src/ASF/common/services/usb/class/vendor/device/udi_vendor_desc.o
                0x20000020                udc_config_lsfs
 .data.udc_desc_fs
                0x20000028       0x45 src/ASF/common/services/usb/class/vendor/device/udi_vendor_desc.o
                0x20000028                udc_desc_fs
 *fill*         0x2000006d        0x3 
 .data.udc_device_desc
                0x20000070       0x12 src/ASF/common/services/usb/class/vendor/device/udi_vendor_desc.o
                0x20000070                udc_device_desc
 *fill*         0x20000082        0x2 
 .data.udi_apis
                0x20000084        0x4 src/ASF/common/services/usb/class/vendor/device/udi_vendor_desc.o
                0x20000084                udi_apis
 .data.udc_string_desc_languageid
                0x20000088        0x4 src/ASF/common/services/usb/udc/udc.o
 .data.cycles_per_ms
                0x2000008c        0x4 src/ASF/common2/services/delay/sam0/systick_counter.o
 .data.g_interrupt_enabled
                0x20000090        0x1 src/ASF/common/utils/interrupt/interrupt_sam_nvic.o
                0x20000090                g_interrupt_enabled
 *fill*         0x20000091        0x3 
 .data.msg      0x20000094       0x10 src/main.o
                0x20000094                msg
 .data._impure_ptr
                0x200000a4        0x4 c:/program files (x86)/atmel/studio/7.0/toolchain/arm/arm-gnu-toolchain/bin/../lib/gcc/arm-none-eabi/6.3.1/../../../../arm-none-eabi/lib/thumb/v6-m\libc_nano.a(lib_a-impure.o)
                0x200000a4                _impure_ptr
 .data.impure_data
                0x200000a8       0x60 c:/program files (x86)/atmel/studio/7.0/toolchain/arm/arm-gnu-toolchain/bin/../lib/gcc/arm-none-eabi/6.3.1/../../../../arm-none-eabi/lib/thumb/v6-m\libc_nano.a(lib_a-impure.o)
                0x20000108                . = ALIGN (0x4)
                0x20000108                _erelocate = .

.bss            0x20000108      0x6e4 load address 0x00005584
                0x20000108                . = ALIGN (0x4)
                0x20000108                _sbss = .
                0x20000108                _szero = .
 *(.bss .bss.*)
 .bss           0x20000108       0x1c c:/program files (x86)/atmel/studio/7.0/toolchain/arm/arm-gnu-toolchain/bin/../lib/gcc/arm-none-eabi/6.3.1/thumb/v6-m/crtbegin.o
 .bss.usb_intf_b_vendor_enable
                0x20000124        0x1 src/usb_intf.o
 .bss.udi_vendor_alternate_setting
                0x20000125        0x1 src/ASF/common/services/usb/class/vendor/device/udi_vendor.o
 .bss.udc_device_status
                0x20000126        0x2 src/ASF/common/services/usb/udc/udc.o
 .bss.udc_ep_status.12082
                0x20000128        0x2 src/ASF/common/services/usb/udc/udc.o
 *fill*         0x2000012a        0x2 
 .bss.udc_iface_setting
                0x2000012c        0x1 src/ASF/common/services/usb/udc/udc.o
 *fill*         0x2000012d        0x3 
 .bss.udc_num_configuration
                0x20000130        0x1 src/ASF/common/services/usb/udc/udc.o
 *fill*         0x20000131        0x3 
 .bss.udc_ptr_conf
                0x20000134        0x4 src/ASF/common/services/usb/udc/udc.o
 .bss.udc_ptr_iface
                0x20000138        0x4 src/ASF/common/services/usb/udc/udc.o
 .bss.b_shortpacket.13366
                0x2000013c        0x1 src/ASF/sam0/drivers/usb/stack_interface/usb_device_udd.o
 *fill*         0x2000013d        0x1 
 .bss.udd_ctrl_payload_nb_trans
                0x2000013e        0x2 src/ASF/sam0/drivers/usb/stack_interface/usb_device_udd.o
 .bss.udd_ctrl_prev_payload_nb_trans
                0x20000140        0x2 src/ASF/sam0/drivers/usb/stack_interface/usb_device_udd.o
 .bss.udd_ep_control_state
                0x20000142        0x1 src/ASF/sam0/drivers/usb/stack_interface/usb_device_udd.o
 *fill*         0x20000143        0x1 
 .bss.udd_ep_job
                0x20000144       0xf0 src/ASF/sam0/drivers/usb/stack_interface/usb_device_udd.o
 .bss.udd_state.13223
                0x20000234        0x1 src/ASF/sam0/drivers/usb/stack_interface/usb_device_udd.o
 *fill*         0x20000235        0x3 
 .bss._usb_instances
                0x20000238        0x4 src/ASF/sam0/drivers/usb/usb_sam_d_r/usb.o
 .bss.device_callback_lpm_wakeup_enable
                0x2000023c        0x4 src/ASF/sam0/drivers/usb/usb_sam_d_r/usb.o
 .bss.ep_callback_para
                0x20000240        0x8 src/ASF/sam0/drivers/usb/usb_sam_d_r/usb.o
 .bss.host_pipe_job_busy_status
                0x20000248        0x4 src/ASF/sam0/drivers/usb/usb_sam_d_r/usb.o
                0x20000248                host_pipe_job_busy_status
 .bss.pipe_callback_para
                0x2000024c        0x6 src/ASF/sam0/drivers/usb/usb_sam_d_r/usb.o
 *fill*         0x20000252        0x2 
 .bss.module    0x20000254       0x34 src/console.o
 .bss.module    0x20000288       0x3c src/spi.o
 .bss.rx_data   0x200002c4       0x20 src/spi.o
 .bss._sercom_config
                0x200002e4        0x2 src/ASF/sam0/drivers/sercom/sercom.o
 .bss._handler_table_initialized
                0x200002e6        0x1 src/ASF/sam0/drivers/sercom/sercom_interrupt.o
 *fill*         0x200002e7        0x1 
 .bss._sercom_interrupt_handlers
                0x200002e8       0x18 src/ASF/sam0/drivers/sercom/sercom_interrupt.o
 .bss.cpu_irq_critical_section_counter
                0x20000300        0x4 src/ASF/common/utils/interrupt/interrupt_sam_nvic.o
 .bss.cpu_irq_prev_interrupt_state
                0x20000304        0x1 src/ASF/common/utils/interrupt/interrupt_sam_nvic.o
 *fill*         0x20000305        0x3 
 .bss._system_clock_inst
                0x20000308       0x18 src/ASF/sam0/drivers/system/clock/clock_samd21_r21_da_ha1/clock.o
 .bss.heap.5296
                0x20000320        0x4 src/ASF/sam0/utils/syscalls/gcc/syscalls.o
 .bss.__malloc_free_list
                0x20000324        0x4 c:/program files (x86)/atmel/studio/7.0/toolchain/arm/arm-gnu-toolchain/bin/../lib/gcc/arm-none-eabi/6.3.1/../../../../arm-none-eabi/lib/thumb/v6-m\libc_nano.a(lib_a-nano-mallocr.o)
                0x20000324                __malloc_free_list
 .bss.__malloc_sbrk_start
                0x20000328        0x4 c:/program files (x86)/atmel/studio/7.0/toolchain/arm/arm-gnu-toolchain/bin/../lib/gcc/arm-none-eabi/6.3.1/../../../../arm-none-eabi/lib/thumb/v6-m\libc_nano.a(lib_a-nano-mallocr.o)
                0x20000328                __malloc_sbrk_start
 *(COMMON)
 COMMON         0x2000032c        0x5 src/ASF/common/services/sleepmgr/samd/sleepmgr.o
                0x2000032c                sleepmgr_locks
 COMMON         0x20000331        0x1 src/ASF/sam0/drivers/extint/extint_callback.o
                0x20000331                _current_channel
 *fill*         0x20000332        0x2 
 COMMON         0x20000334       0x40 src/ASF/sam0/drivers/extint/extint_sam_d_r_h/extint.o
                0x20000334                _extint_dev
 COMMON         0x20000374        0xc src/ASF/sam0/drivers/tcc/tcc_callback.o
                0x20000374                _tcc_instances
 COMMON         0x20000380      0x340 src/ASF/sam0/drivers/usb/stack_interface/usb_device_udd.o
                0x20000380                udd_ep_out_cache_buffer
                0x20000500                usb_device
                0x20000668                udd_g_ctrlreq
                0x20000680                udd_ctrl_buffer
 COMMON         0x200006c0      0x100 src/ASF/sam0/drivers/usb/usb_sam_d_r/usb.o
                0x200006c0                usb_descriptor_table
 COMMON         0x200007c0        0x4 src/ASF/sam0/utils/stdio/read.o
                0x200007c0                ptr_get
 COMMON         0x200007c4        0x8 src/ASF/sam0/utils/stdio/write.o
                0x200007c4                ptr_put
                0x200007c8                stdio_base
 COMMON         0x200007cc        0x2 src/ASF/sam0/drivers/sercom/spi/spi_interrupt.o
                0x200007cc                dummy_write
 *fill*         0x200007ce        0x2 
 COMMON         0x200007d0       0x18 src/ASF/sam0/drivers/sercom/sercom_interrupt.o
                0x200007d0                _sercom_instances
 COMMON         0x200007e8        0x4 c:/program files (x86)/atmel/studio/7.0/toolchain/arm/arm-gnu-toolchain/bin/../lib/gcc/arm-none-eabi/6.3.1/../../../../arm-none-eabi/lib/thumb/v6-m\libc_nano.a(lib_a-reent.o)
                0x200007e8                errno
                0x200007ec                . = ALIGN (0x4)
                0x200007ec                _ebss = .
                0x200007ec                _ezero = .

.stack          0x200007ec     0x2004 load address 0x00005c68
                0x200007f0                . = ALIGN (0x8)
 *fill*         0x200007ec        0x4 
                0x200007f0                _sstack = .
                0x200027f0                . = (. + STACK_SIZE)
 *fill*         0x200007f0     0x2000 
                0x200027f0                . = ALIGN (0x8)
                0x200027f0                _estack = .
                0x200027f0                . = ALIGN (0x4)
                0x200027f0                _end = .
OUTPUT(samd21_dbg.elf elf32-littlearm)

.ARM.attributes
                0x00000000       0x28
 .ARM.attributes
                0x00000000       0x1e c:/program files (x86)/atmel/studio/7.0/toolchain/arm/arm-gnu-toolchain/bin/../lib/gcc/arm-none-eabi/6.3.1/thumb/v6-m/crti.o
 .ARM.attributes
                0x0000001e       0x2c c:/program files (x86)/atmel/studio/7.0/toolchain/arm/arm-gnu-toolchain/bin/../lib/gcc/arm-none-eabi/6.3.1/thumb/v6-m/crtbegin.o
 .ARM.attributes
                0x0000004a       0x32 src/usb_intf.o
 .ARM.attributes
                0x0000007c       0x32 src/ASF/common/services/sleepmgr/samd/sleepmgr.o
 .ARM.attributes
                0x000000ae       0x32 src/ASF/common/services/usb/class/vendor/device/udi_vendor.o
 .ARM.attributes
                0x000000e0       0x32 src/ASF/common/services/usb/class/vendor/device/udi_vendor_desc.o
 .ARM.attributes
                0x00000112       0x32 src/ASF/common/services/usb/udc/udc.o
 .ARM.attributes
                0x00000144       0x32 src/ASF/sam0/drivers/extint/extint_callback.o
 .ARM.attributes
                0x00000176       0x32 src/ASF/sam0/drivers/extint/extint_sam_d_r_h/extint.o
 .ARM.attributes
                0x000001a8       0x32 src/ASF/sam0/drivers/tcc/tcc_callback.o
 .ARM.attributes
                0x000001da       0x32 src/ASF/sam0/drivers/usb/stack_interface/usb_device_udd.o
 .ARM.attributes
                0x0000020c       0x32 src/ASF/sam0/drivers/usb/usb_sam_d_r/usb.o
 .ARM.attributes
                0x0000023e       0x32 src/console.o
 .ARM.attributes
                0x00000270       0x32 src/spi.o
 .ARM.attributes
                0x000002a2       0x32 src/ASF/common2/services/delay/sam0/systick_counter.o
 .ARM.attributes
                0x000002d4       0x32 src/ASF/sam0/utils/stdio/read.o
 .ARM.attributes
                0x00000306       0x32 src/ASF/sam0/utils/stdio/write.o
 .ARM.attributes
                0x00000338       0x32 src/ASF/sam0/drivers/sercom/sercom.o
 .ARM.attributes
                0x0000036a       0x32 src/ASF/sam0/drivers/sercom/usart/usart.o
 .ARM.attributes
                0x0000039c       0x32 src/ASF/sam0/drivers/sercom/usart/usart_interrupt.o
 .ARM.attributes
                0x000003ce       0x32 src/ASF/sam0/drivers/sercom/spi/spi.o
 .ARM.attributes
                0x00000400       0x32 src/ASF/sam0/drivers/sercom/spi/spi_interrupt.o
 .ARM.attributes
                0x00000432       0x32 src/ASF/sam0/drivers/sercom/sercom_interrupt.o
 .ARM.attributes
                0x00000464       0x32 src/ASF/common2/boards/user_board/init.o
 .ARM.attributes
                0x00000496       0x32 src/ASF/common/utils/interrupt/interrupt_sam_nvic.o
 .ARM.attributes
                0x000004c8       0x32 src/ASF/sam0/drivers/system/clock/clock_samd21_r21_da_ha1/clock.o
 .ARM.attributes
                0x000004fa       0x32 src/ASF/sam0/drivers/system/clock/clock_samd21_r21_da_ha1/gclk.o
 .ARM.attributes
                0x0000052c       0x32 src/ASF/sam0/drivers/system/pinmux/pinmux.o
 .ARM.attributes
                0x0000055e       0x32 src/ASF/sam0/drivers/system/system.o
 .ARM.attributes
                0x00000590       0x32 src/ASF/sam0/utils/cmsis/samd21/source/gcc/startup_samd21.o
 .ARM.attributes
                0x000005c2       0x32 src/ASF/sam0/utils/syscalls/gcc/syscalls.o
 .ARM.attributes
                0x000005f4       0x32 src/main.o
 .ARM.attributes
                0x00000626       0x1e c:/program files (x86)/atmel/studio/7.0/toolchain/arm/arm-gnu-toolchain/bin/../lib/gcc/arm-none-eabi/6.3.1/thumb/v6-m\libgcc.a(_udivsi3.o)
 .ARM.attributes
                0x00000644       0x1e c:/program files (x86)/atmel/studio/7.0/toolchain/arm/arm-gnu-toolchain/bin/../lib/gcc/arm-none-eabi/6.3.1/thumb/v6-m\libgcc.a(_divsi3.o)
 .ARM.attributes
                0x00000662       0x1e c:/program files (x86)/atmel/studio/7.0/toolchain/arm/arm-gnu-toolchain/bin/../lib/gcc/arm-none-eabi/6.3.1/thumb/v6-m\libgcc.a(_dvmd_tls.o)
 .ARM.attributes
                0x00000680       0x1e c:/program files (x86)/atmel/studio/7.0/toolchain/arm/arm-gnu-toolchain/bin/../lib/gcc/arm-none-eabi/6.3.1/thumb/v6-m\libgcc.a(_ctzsi2.o)
 .ARM.attributes
                0x0000069e       0x2c c:/program files (x86)/atmel/studio/7.0/toolchain/arm/arm-gnu-toolchain/bin/../lib/gcc/arm-none-eabi/6.3.1/thumb/v6-m\libgcc.a(_muldi3.o)
 .ARM.attributes
                0x000006ca       0x2c c:/program files (x86)/atmel/studio/7.0/toolchain/arm/arm-gnu-toolchain/bin/../lib/gcc/arm-none-eabi/6.3.1/../../../../arm-none-eabi/lib/thumb/v6-m\libc_nano.a(lib_a-impure.o)
 .ARM.attributes
                0x000006f6       0x2c c:/program files (x86)/atmel/studio/7.0/toolchain/arm/arm-gnu-toolchain/bin/../lib/gcc/arm-none-eabi/6.3.1/../../../../arm-none-eabi/lib/thumb/v6-m\libc_nano.a(lib_a-init.o)
 .ARM.attributes
                0x00000722       0x2c c:/program files (x86)/atmel/studio/7.0/toolchain/arm/arm-gnu-toolchain/bin/../lib/gcc/arm-none-eabi/6.3.1/../../../../arm-none-eabi/lib/thumb/v6-m\libc_nano.a(lib_a-memcpy-stub.o)
 .ARM.attributes
                0x0000074e       0x2c c:/program files (x86)/atmel/studio/7.0/toolchain/arm/arm-gnu-toolchain/bin/../lib/gcc/arm-none-eabi/6.3.1/../../../../arm-none-eabi/lib/thumb/v6-m\libc_nano.a(lib_a-memset.o)
 .ARM.attributes
                0x0000077a       0x2c c:/program files (x86)/atmel/studio/7.0/toolchain/arm/arm-gnu-toolchain/bin/../lib/gcc/arm-none-eabi/6.3.1/../../../../arm-none-eabi/lib/thumb/v6-m\libc_nano.a(lib_a-printf.o)
 .ARM.attributes
                0x000007a6       0x2c c:/program files (x86)/atmel/studio/7.0/toolchain/arm/arm-gnu-toolchain/bin/../lib/gcc/arm-none-eabi/6.3.1/../../../../arm-none-eabi/lib/thumb/v6-m\libc_nano.a(lib_a-setbuf.o)
 .ARM.attributes
                0x000007d2       0x2c c:/program files (x86)/atmel/studio/7.0/toolchain/arm/arm-gnu-toolchain/bin/../lib/gcc/arm-none-eabi/6.3.1/../../../../arm-none-eabi/lib/thumb/v6-m\libc_nano.a(lib_a-setvbuf.o)
 .ARM.attributes
                0x000007fe       0x2c c:/program files (x86)/atmel/studio/7.0/toolchain/arm/arm-gnu-toolchain/bin/../lib/gcc/arm-none-eabi/6.3.1/../../../../arm-none-eabi/lib/thumb/v6-m\libc_nano.a(lib_a-fflush.o)
 .ARM.attributes
                0x0000082a       0x2c c:/program files (x86)/atmel/studio/7.0/toolchain/arm/arm-gnu-toolchain/bin/../lib/gcc/arm-none-eabi/6.3.1/../../../../arm-none-eabi/lib/thumb/v6-m\libc_nano.a(lib_a-findfp.o)
 .ARM.attributes
                0x00000856       0x2c c:/program files (x86)/atmel/studio/7.0/toolchain/arm/arm-gnu-toolchain/bin/../lib/gcc/arm-none-eabi/6.3.1/../../../../arm-none-eabi/lib/thumb/v6-m\libc_nano.a(lib_a-fwalk.o)
 .ARM.attributes
                0x00000882       0x2c c:/program files (x86)/atmel/studio/7.0/toolchain/arm/arm-gnu-toolchain/bin/../lib/gcc/arm-none-eabi/6.3.1/../../../../arm-none-eabi/lib/thumb/v6-m\libc_nano.a(lib_a-makebuf.o)
 .ARM.attributes
                0x000008ae       0x2c c:/program files (x86)/atmel/studio/7.0/toolchain/arm/arm-gnu-toolchain/bin/../lib/gcc/arm-none-eabi/6.3.1/../../../../arm-none-eabi/lib/thumb/v6-m\libc_nano.a(lib_a-malloc.o)
 .ARM.attributes
                0x000008da       0x2c c:/program files (x86)/atmel/studio/7.0/toolchain/arm/arm-gnu-toolchain/bin/../lib/gcc/arm-none-eabi/6.3.1/../../../../arm-none-eabi/lib/thumb/v6-m\libc_nano.a(lib_a-nano-freer.o)
 .ARM.attributes
                0x00000906       0x2c c:/program files (x86)/atmel/studio/7.0/toolchain/arm/arm-gnu-toolchain/bin/../lib/gcc/arm-none-eabi/6.3.1/../../../../arm-none-eabi/lib/thumb/v6-m\libc_nano.a(lib_a-nano-mallocr.o)
 .ARM.attributes
                0x00000932       0x2c c:/program files (x86)/atmel/studio/7.0/toolchain/arm/arm-gnu-toolchain/bin/../lib/gcc/arm-none-eabi/6.3.1/../../../../arm-none-eabi/lib/thumb/v6-m\libc_nano.a(lib_a-nano-vfprintf.o)
 .ARM.attributes
                0x0000095e       0x2c c:/program files (x86)/atmel/studio/7.0/toolchain/arm/arm-gnu-toolchain/bin/../lib/gcc/arm-none-eabi/6.3.1/../../../../arm-none-eabi/lib/thumb/v6-m\libc_nano.a(lib_a-nano-vfprintf_i.o)
 .ARM.attributes
                0x0000098a       0x2c c:/program files (x86)/atmel/studio/7.0/toolchain/arm/arm-gnu-toolchain/bin/../lib/gcc/arm-none-eabi/6.3.1/../../../../arm-none-eabi/lib/thumb/v6-m\libc_nano.a(lib_a-sbrkr.o)
 .ARM.attributes
                0x000009b6       0x2c c:/program files (x86)/atmel/studio/7.0/toolchain/arm/arm-gnu-toolchain/bin/../lib/gcc/arm-none-eabi/6.3.1/../../../../arm-none-eabi/lib/thumb/v6-m\libc_nano.a(lib_a-stdio.o)
 .ARM.attributes
                0x000009e2       0x2c c:/program files (x86)/atmel/studio/7.0/toolchain/arm/arm-gnu-toolchain/bin/../lib/gcc/arm-none-eabi/6.3.1/../../../../arm-none-eabi/lib/thumb/v6-m\libc_nano.a(lib_a-wbuf.o)
 .ARM.attributes
                0x00000a0e       0x2c c:/program files (x86)/atmel/studio/7.0/toolchain/arm/arm-gnu-toolchain/bin/../lib/gcc/arm-none-eabi/6.3.1/../../../../arm-none-eabi/lib/thumb/v6-m\libc_nano.a(lib_a-writer.o)
 .ARM.attributes
                0x00000a3a       0x2c c:/program files (x86)/atmel/studio/7.0/toolchain/arm/arm-gnu-toolchain/bin/../lib/gcc/arm-none-eabi/6.3.1/../../../../arm-none-eabi/lib/thumb/v6-m\libc_nano.a(lib_a-wsetup.o)
 .ARM.attributes
                0x00000a66       0x2c c:/program files (x86)/atmel/studio/7.0/toolchain/arm/arm-gnu-toolchain/bin/../lib/gcc/arm-none-eabi/6.3.1/../../../../arm-none-eabi/lib/thumb/v6-m\libc_nano.a(lib_a-closer.o)
 .ARM.attributes
                0x00000a92       0x2c c:/program files (x86)/atmel/studio/7.0/toolchain/arm/arm-gnu-toolchain/bin/../lib/gcc/arm-none-eabi/6.3.1/../../../../arm-none-eabi/lib/thumb/v6-m\libc_nano.a(lib_a-fstatr.o)
 .ARM.attributes
                0x00000abe       0x2c c:/program files (x86)/atmel/studio/7.0/toolchain/arm/arm-gnu-toolchain/bin/../lib/gcc/arm-none-eabi/6.3.1/../../../../arm-none-eabi/lib/thumb/v6-m\libc_nano.a(lib_a-isattyr.o)
 .ARM.attributes
                0x00000aea       0x2c c:/program files (x86)/atmel/studio/7.0/toolchain/arm/arm-gnu-toolchain/bin/../lib/gcc/arm-none-eabi/6.3.1/../../../../arm-none-eabi/lib/thumb/v6-m\libc_nano.a(lib_a-lseekr.o)
 .ARM.attributes
                0x00000b16       0x2c c:/program files (x86)/atmel/studio/7.0/toolchain/arm/arm-gnu-toolchain/bin/../lib/gcc/arm-none-eabi/6.3.1/../../../../arm-none-eabi/lib/thumb/v6-m\libc_nano.a(lib_a-memchr-stub.o)
 .ARM.attributes
                0x00000b42       0x2c c:/program files (x86)/atmel/studio/7.0/toolchain/arm/arm-gnu-toolchain/bin/../lib/gcc/arm-none-eabi/6.3.1/../../../../arm-none-eabi/lib/thumb/v6-m\libc_nano.a(lib_a-mlock.o)
 .ARM.attributes
                0x00000b6e       0x2c c:/program files (x86)/atmel/studio/7.0/toolchain/arm/arm-gnu-toolchain/bin/../lib/gcc/arm-none-eabi/6.3.1/../../../../arm-none-eabi/lib/thumb/v6-m\libc_nano.a(lib_a-readr.o)
 .ARM.attributes
                0x00000b9a       0x2c c:/program files (x86)/atmel/studio/7.0/toolchain/arm/arm-gnu-toolchain/bin/../lib/gcc/arm-none-eabi/6.3.1/../../../../arm-none-eabi/lib/thumb/v6-m\libc_nano.a(lib_a-reent.o)
 .ARM.attributes
                0x00000bc6       0x1e c:/program files (x86)/atmel/studio/7.0/toolchain/arm/arm-gnu-toolchain/bin/../lib/gcc/arm-none-eabi/6.3.1/thumb/v6-m/crtn.o

.comment        0x00000000       0x59
 .comment       0x00000000       0x59 src/usb_intf.o
                                 0x5a (size before relaxing)
 .comment       0x00000059       0x5a src/ASF/common/services/sleepmgr/samd/sleepmgr.o
 .comment       0x00000059       0x5a src/ASF/common/services/usb/class/vendor/device/udi_vendor.o
 .comment       0x00000059       0x5a src/ASF/common/services/usb/class/vendor/device/udi_vendor_desc.o
 .comment       0x00000059       0x5a src/ASF/common/services/usb/udc/udc.o
 .comment       0x00000059       0x5a src/ASF/sam0/drivers/extint/extint_callback.o
 .comment       0x00000059       0x5a src/ASF/sam0/drivers/extint/extint_sam_d_r_h/extint.o
 .comment       0x00000059       0x5a src/ASF/sam0/drivers/tcc/tcc_callback.o
 .comment       0x00000059       0x5a src/ASF/sam0/drivers/usb/stack_interface/usb_device_udd.o
 .comment       0x00000059       0x5a src/ASF/sam0/drivers/usb/usb_sam_d_r/usb.o
 .comment       0x00000059       0x5a src/console.o
 .comment       0x00000059       0x5a src/spi.o
 .comment       0x00000059       0x5a src/ASF/common2/services/delay/sam0/systick_counter.o
 .comment       0x00000059       0x5a src/ASF/sam0/utils/stdio/read.o
 .comment       0x00000059       0x5a src/ASF/sam0/utils/stdio/write.o
 .comment       0x00000059       0x5a src/ASF/sam0/drivers/sercom/sercom.o
 .comment       0x00000059       0x5a src/ASF/sam0/drivers/sercom/usart/usart.o
 .comment       0x00000059       0x5a src/ASF/sam0/drivers/sercom/usart/usart_interrupt.o
 .comment       0x00000059       0x5a src/ASF/sam0/drivers/sercom/spi/spi.o
 .comment       0x00000059       0x5a src/ASF/sam0/drivers/sercom/spi/spi_interrupt.o
 .comment       0x00000059       0x5a src/ASF/sam0/drivers/sercom/sercom_interrupt.o
 .comment       0x00000059       0x5a src/ASF/common2/boards/user_board/init.o
 .comment       0x00000059       0x5a src/ASF/common/utils/interrupt/interrupt_sam_nvic.o
 .comment       0x00000059       0x5a src/ASF/sam0/drivers/system/clock/clock_samd21_r21_da_ha1/clock.o
 .comment       0x00000059       0x5a src/ASF/sam0/drivers/system/clock/clock_samd21_r21_da_ha1/gclk.o
 .comment       0x00000059       0x5a src/ASF/sam0/drivers/system/pinmux/pinmux.o
 .comment       0x00000059       0x5a src/ASF/sam0/drivers/system/system.o
 .comment       0x00000059       0x5a src/ASF/sam0/utils/cmsis/samd21/source/gcc/startup_samd21.o
 .comment       0x00000059       0x5a src/ASF/sam0/utils/syscalls/gcc/syscalls.o
 .comment       0x00000059       0x5a src/main.o

.debug_info     0x00000000    0x47756
 .debug_info    0x00000000     0x1361 src/usb_intf.o
 .debug_info    0x00001361      0xa8e src/ASF/common/services/sleepmgr/samd/sleepmgr.o
 .debug_info    0x00001def     0x124d src/ASF/common/services/usb/class/vendor/device/udi_vendor.o
 .debug_info    0x0000303c     0x10c7 src/ASF/common/services/usb/class/vendor/device/udi_vendor_desc.o
 .debug_info    0x00004103     0x1a1d src/ASF/common/services/usb/udc/udc.o
 .debug_info    0x00005b20     0x19a7 src/ASF/sam0/drivers/extint/extint_callback.o
 .debug_info    0x000074c7     0x2aff src/ASF/sam0/drivers/extint/extint_sam_d_r_h/extint.o
 .debug_info    0x00009fc6     0x3153 src/ASF/sam0/drivers/tcc/tcc_callback.o
 .debug_info    0x0000d119     0x6424 src/ASF/sam0/drivers/usb/stack_interface/usb_device_udd.o
 .debug_info    0x0001353d     0x525d src/ASF/sam0/drivers/usb/usb_sam_d_r/usb.o
 .debug_info    0x0001879a     0x3b00 src/console.o
 .debug_info    0x0001c29a     0x3b4c src/spi.o
 .debug_info    0x0001fde6      0xb8d src/ASF/common2/services/delay/sam0/systick_counter.o
 .debug_info    0x00020973      0xacf src/ASF/sam0/utils/stdio/read.o
 .debug_info    0x00021442      0xacc src/ASF/sam0/utils/stdio/write.o
 .debug_info    0x00021f0e     0x2dd3 src/ASF/sam0/drivers/sercom/sercom.o
 .debug_info    0x00024ce1     0x499e src/ASF/sam0/drivers/sercom/usart/usart.o
 .debug_info    0x0002967f     0x3048 src/ASF/sam0/drivers/sercom/usart/usart_interrupt.o
 .debug_info    0x0002c6c7     0x6820 src/ASF/sam0/drivers/sercom/spi/spi.o
 .debug_info    0x00032ee7     0x31c1 src/ASF/sam0/drivers/sercom/spi/spi_interrupt.o
 .debug_info    0x000360a8     0x2bcf src/ASF/sam0/drivers/sercom/sercom_interrupt.o
 .debug_info    0x00038c77      0xee1 src/ASF/common2/boards/user_board/init.o
 .debug_info    0x00039b58      0xb05 src/ASF/common/utils/interrupt/interrupt_sam_nvic.o
 .debug_info    0x0003a65d     0x38cd src/ASF/sam0/drivers/system/clock/clock_samd21_r21_da_ha1/clock.o
 .debug_info    0x0003df2a     0x1ec7 src/ASF/sam0/drivers/system/clock/clock_samd21_r21_da_ha1/gclk.o
 .debug_info    0x0003fdf1     0x13f3 src/ASF/sam0/drivers/system/pinmux/pinmux.o
 .debug_info    0x000411e4      0xa73 src/ASF/sam0/drivers/system/system.o
 .debug_info    0x00041c57     0x3a3f src/ASF/sam0/utils/cmsis/samd21/source/gcc/startup_samd21.o
 .debug_info    0x00045696      0xd98 src/ASF/sam0/utils/syscalls/gcc/syscalls.o
 .debug_info    0x0004642e     0x1328 src/main.o

.debug_abbrev   0x00000000     0x624c
 .debug_abbrev  0x00000000      0x268 src/usb_intf.o
 .debug_abbrev  0x00000268      0x1b2 src/ASF/common/services/sleepmgr/samd/sleepmgr.o
 .debug_abbrev  0x0000041a      0x2b9 src/ASF/common/services/usb/class/vendor/device/udi_vendor.o
 .debug_abbrev  0x000006d3      0x1c7 src/ASF/common/services/usb/class/vendor/device/udi_vendor_desc.o
 .debug_abbrev  0x0000089a      0x403 src/ASF/common/services/usb/udc/udc.o
 .debug_abbrev  0x00000c9d      0x333 src/ASF/sam0/drivers/extint/extint_callback.o
 .debug_abbrev  0x00000fd0      0x4b4 src/ASF/sam0/drivers/extint/extint_sam_d_r_h/extint.o
 .debug_abbrev  0x00001484      0x3aa src/ASF/sam0/drivers/tcc/tcc_callback.o
 .debug_abbrev  0x0000182e      0x607 src/ASF/sam0/drivers/usb/stack_interface/usb_device_udd.o
 .debug_abbrev  0x00001e35      0x507 src/ASF/sam0/drivers/usb/usb_sam_d_r/usb.o
 .debug_abbrev  0x0000233c      0x415 src/console.o
 .debug_abbrev  0x00002751      0x3cd src/spi.o
 .debug_abbrev  0x00002b1e      0x24b src/ASF/common2/services/delay/sam0/systick_counter.o
 .debug_abbrev  0x00002d69      0x218 src/ASF/sam0/utils/stdio/read.o
 .debug_abbrev  0x00002f81      0x203 src/ASF/sam0/utils/stdio/write.o
 .debug_abbrev  0x00003184      0x378 src/ASF/sam0/drivers/sercom/sercom.o
 .debug_abbrev  0x000034fc      0x467 src/ASF/sam0/drivers/sercom/usart/usart.o
 .debug_abbrev  0x00003963      0x416 src/ASF/sam0/drivers/sercom/usart/usart_interrupt.o
 .debug_abbrev  0x00003d79      0x51f src/ASF/sam0/drivers/sercom/spi/spi.o
 .debug_abbrev  0x00004298      0x3ee src/ASF/sam0/drivers/sercom/spi/spi_interrupt.o
 .debug_abbrev  0x00004686      0x2d8 src/ASF/sam0/drivers/sercom/sercom_interrupt.o
 .debug_abbrev  0x0000495e      0x1d1 src/ASF/common2/boards/user_board/init.o
 .debug_abbrev  0x00004b2f      0x23b src/ASF/common/utils/interrupt/interrupt_sam_nvic.o
 .debug_abbrev  0x00004d6a      0x493 src/ASF/sam0/drivers/system/clock/clock_samd21_r21_da_ha1/clock.o
 .debug_abbrev  0x000051fd      0x40d src/ASF/sam0/drivers/system/clock/clock_samd21_r21_da_ha1/gclk.o
 .debug_abbrev  0x0000560a      0x361 src/ASF/sam0/drivers/system/pinmux/pinmux.o
 .debug_abbrev  0x0000596b      0x1e1 src/ASF/sam0/drivers/system/system.o
 .debug_abbrev  0x00005b4c      0x234 src/ASF/sam0/utils/cmsis/samd21/source/gcc/startup_samd21.o
 .debug_abbrev  0x00005d80      0x257 src/ASF/sam0/utils/syscalls/gcc/syscalls.o
 .debug_abbrev  0x00005fd7      0x275 src/main.o

.debug_loc      0x00000000     0xb171
 .debug_loc     0x00000000       0x60 src/usb_intf.o
 .debug_loc     0x00000060      0x486 src/ASF/common/services/usb/class/vendor/device/udi_vendor.o
 .debug_loc     0x000004e6      0x474 src/ASF/common/services/usb/udc/udc.o
 .debug_loc     0x0000095a      0x2ac src/ASF/sam0/drivers/extint/extint_callback.o
 .debug_loc     0x00000c06      0x43d src/ASF/sam0/drivers/extint/extint_sam_d_r_h/extint.o
 .debug_loc     0x00001043      0x245 src/ASF/sam0/drivers/tcc/tcc_callback.o
 .debug_loc     0x00001288     0x12d4 src/ASF/sam0/drivers/usb/stack_interface/usb_device_udd.o
 .debug_loc     0x0000255c     0x1b24 src/ASF/sam0/drivers/usb/usb_sam_d_r/usb.o
 .debug_loc     0x00004080      0x224 src/console.o
 .debug_loc     0x000042a4      0x213 src/spi.o
 .debug_loc     0x000044b7       0xe4 src/ASF/common2/services/delay/sam0/systick_counter.o
 .debug_loc     0x0000459b       0xca src/ASF/sam0/utils/stdio/read.o
 .debug_loc     0x00004665      0x130 src/ASF/sam0/utils/stdio/write.o
 .debug_loc     0x00004795      0x9d5 src/ASF/sam0/drivers/sercom/sercom.o
 .debug_loc     0x0000516a      0xd40 src/ASF/sam0/drivers/sercom/usart/usart.o
 .debug_loc     0x00005eaa      0x711 src/ASF/sam0/drivers/sercom/usart/usart_interrupt.o
 .debug_loc     0x000065bb     0x2a76 src/ASF/sam0/drivers/sercom/spi/spi.o
 .debug_loc     0x00009031      0x6b0 src/ASF/sam0/drivers/sercom/spi/spi_interrupt.o
 .debug_loc     0x000096e1      0x161 src/ASF/sam0/drivers/sercom/sercom_interrupt.o
 .debug_loc     0x00009842      0xf4f src/ASF/sam0/drivers/system/clock/clock_samd21_r21_da_ha1/clock.o
 .debug_loc     0x0000a791      0x504 src/ASF/sam0/drivers/system/clock/clock_samd21_r21_da_ha1/gclk.o
 .debug_loc     0x0000ac95      0x36d src/ASF/sam0/drivers/system/pinmux/pinmux.o
 .debug_loc     0x0000b002       0x20 src/ASF/sam0/drivers/system/system.o
 .debug_loc     0x0000b022       0x40 src/ASF/sam0/utils/cmsis/samd21/source/gcc/startup_samd21.o
 .debug_loc     0x0000b062       0xef src/ASF/sam0/utils/syscalls/gcc/syscalls.o
 .debug_loc     0x0000b151       0x20 src/main.o

.debug_aranges  0x00000000      0x9f0
 .debug_aranges
                0x00000000       0x58 src/usb_intf.o
 .debug_aranges
                0x00000058       0x18 src/ASF/common/services/sleepmgr/samd/sleepmgr.o
 .debug_aranges
                0x00000070       0x68 src/ASF/common/services/usb/class/vendor/device/udi_vendor.o
 .debug_aranges
                0x000000d8       0x18 src/ASF/common/services/usb/class/vendor/device/udi_vendor_desc.o
 .debug_aranges
                0x000000f0       0x70 src/ASF/common/services/usb/udc/udc.o
 .debug_aranges
                0x00000160       0x48 src/ASF/sam0/drivers/extint/extint_callback.o
 .debug_aranges
                0x000001a8       0x50 src/ASF/sam0/drivers/extint/extint_sam_d_r_h/extint.o
 .debug_aranges
                0x000001f8       0x58 src/ASF/sam0/drivers/tcc/tcc_callback.o
 .debug_aranges
                0x00000250      0x128 src/ASF/sam0/drivers/usb/stack_interface/usb_device_udd.o
 .debug_aranges
                0x00000378      0x158 src/ASF/sam0/drivers/usb/usb_sam_d_r/usb.o
 .debug_aranges
                0x000004d0       0x30 src/console.o
 .debug_aranges
                0x00000500       0x30 src/spi.o
 .debug_aranges
                0x00000530       0x30 src/ASF/common2/services/delay/sam0/systick_counter.o
 .debug_aranges
                0x00000560       0x20 src/ASF/sam0/utils/stdio/read.o
 .debug_aranges
                0x00000580       0x20 src/ASF/sam0/utils/stdio/write.o
 .debug_aranges
                0x000005a0       0x48 src/ASF/sam0/drivers/sercom/sercom.o
 .debug_aranges
                0x000005e8       0x40 src/ASF/sam0/drivers/sercom/usart/usart.o
 .debug_aranges
                0x00000628       0x70 src/ASF/sam0/drivers/sercom/usart/usart_interrupt.o
 .debug_aranges
                0x00000698       0x58 src/ASF/sam0/drivers/sercom/spi/spi.o
 .debug_aranges
                0x000006f0       0x50 src/ASF/sam0/drivers/sercom/spi/spi_interrupt.o
 .debug_aranges
                0x00000740       0x60 src/ASF/sam0/drivers/sercom/sercom_interrupt.o
 .debug_aranges
                0x000007a0       0x20 src/ASF/common2/boards/user_board/init.o
 .debug_aranges
                0x000007c0       0x28 src/ASF/common/utils/interrupt/interrupt_sam_nvic.o
 .debug_aranges
                0x000007e8       0x78 src/ASF/sam0/drivers/system/clock/clock_samd21_r21_da_ha1/clock.o
 .debug_aranges
                0x00000860       0x80 src/ASF/sam0/drivers/system/clock/clock_samd21_r21_da_ha1/gclk.o
 .debug_aranges
                0x000008e0       0x40 src/ASF/sam0/drivers/system/pinmux/pinmux.o
 .debug_aranges
                0x00000920       0x28 src/ASF/sam0/drivers/system/system.o
 .debug_aranges
                0x00000948       0x28 src/ASF/sam0/utils/cmsis/samd21/source/gcc/startup_samd21.o
 .debug_aranges
                0x00000970       0x60 src/ASF/sam0/utils/syscalls/gcc/syscalls.o
 .debug_aranges
                0x000009d0       0x20 src/main.o

.debug_ranges   0x00000000      0xf80
 .debug_ranges  0x00000000       0x48 src/usb_intf.o
 .debug_ranges  0x00000048       0x58 src/ASF/common/services/usb/class/vendor/device/udi_vendor.o
 .debug_ranges  0x000000a0       0xa8 src/ASF/common/services/usb/udc/udc.o
 .debug_ranges  0x00000148       0x90 src/ASF/sam0/drivers/extint/extint_callback.o
 .debug_ranges  0x000001d8       0x40 src/ASF/sam0/drivers/extint/extint_sam_d_r_h/extint.o
 .debug_ranges  0x00000218       0x48 src/ASF/sam0/drivers/tcc/tcc_callback.o
 .debug_ranges  0x00000260      0x1a8 src/ASF/sam0/drivers/usb/stack_interface/usb_device_udd.o
 .debug_ranges  0x00000408      0x190 src/ASF/sam0/drivers/usb/usb_sam_d_r/usb.o
 .debug_ranges  0x00000598       0x20 src/console.o
 .debug_ranges  0x000005b8       0x38 src/spi.o
 .debug_ranges  0x000005f0       0x50 src/ASF/common2/services/delay/sam0/systick_counter.o
 .debug_ranges  0x00000640       0x10 src/ASF/sam0/utils/stdio/read.o
 .debug_ranges  0x00000650       0x10 src/ASF/sam0/utils/stdio/write.o
 .debug_ranges  0x00000660       0x50 src/ASF/sam0/drivers/sercom/sercom.o
 .debug_ranges  0x000006b0      0x140 src/ASF/sam0/drivers/sercom/usart/usart.o
 .debug_ranges  0x000007f0       0x60 src/ASF/sam0/drivers/sercom/usart/usart_interrupt.o
 .debug_ranges  0x00000850      0x438 src/ASF/sam0/drivers/sercom/spi/spi.o
 .debug_ranges  0x00000c88       0xd0 src/ASF/sam0/drivers/sercom/spi/spi_interrupt.o
 .debug_ranges  0x00000d58       0x50 src/ASF/sam0/drivers/sercom/sercom_interrupt.o
 .debug_ranges  0x00000da8       0x10 src/ASF/common2/boards/user_board/init.o
 .debug_ranges  0x00000db8       0x18 src/ASF/common/utils/interrupt/interrupt_sam_nvic.o
 .debug_ranges  0x00000dd0       0x68 src/ASF/sam0/drivers/system/clock/clock_samd21_r21_da_ha1/clock.o
 .debug_ranges  0x00000e38       0x88 src/ASF/sam0/drivers/system/clock/clock_samd21_r21_da_ha1/gclk.o
 .debug_ranges  0x00000ec0       0x30 src/ASF/sam0/drivers/system/pinmux/pinmux.o
 .debug_ranges  0x00000ef0       0x18 src/ASF/sam0/drivers/system/system.o
 .debug_ranges  0x00000f08       0x18 src/ASF/sam0/utils/cmsis/samd21/source/gcc/startup_samd21.o
 .debug_ranges  0x00000f20       0x50 src/ASF/sam0/utils/syscalls/gcc/syscalls.o
 .debug_ranges  0x00000f70       0x10 src/main.o

.debug_macro    0x00000000    0x1fac9
 .debug_macro   0x00000000      0x7d7 src/usb_intf.o
 .debug_macro   0x000007d7      0x8da src/usb_intf.o
 .debug_macro   0x000010b1      0x16d src/usb_intf.o
 .debug_macro   0x0000121e      0x71d src/usb_intf.o
 .debug_macro   0x0000193b       0x22 src/usb_intf.o
 .debug_macro   0x0000195d       0x87 src/usb_intf.o
 .debug_macro   0x000019e4       0x51 src/usb_intf.o
 .debug_macro   0x00001a35       0xef src/usb_intf.o
 .debug_macro   0x00001b24       0x6a src/usb_intf.o
 .debug_macro   0x00001b8e      0x1df src/usb_intf.o
 .debug_macro   0x00001d6d       0x10 src/usb_intf.o
 .debug_macro   0x00001d7d       0x76 src/usb_intf.o
 .debug_macro   0x00001df3       0x16 src/usb_intf.o
 .debug_macro   0x00001e09      0x6db src/usb_intf.o
 .debug_macro   0x000024e4      0xdd8 src/usb_intf.o
 .debug_macro   0x000032bc       0x22 src/usb_intf.o
 .debug_macro   0x000032de       0x40 src/usb_intf.o
 .debug_macro   0x0000331e       0x1c src/usb_intf.o
 .debug_macro   0x0000333a       0x22 src/usb_intf.o
 .debug_macro   0x0000335c       0xb5 src/usb_intf.o
 .debug_macro   0x00003411      0x3ad src/usb_intf.o
 .debug_macro   0x000037be      0x681 src/usb_intf.o
 .debug_macro   0x00003e3f      0x8b5 src/usb_intf.o
 .debug_macro   0x000046f4      0x230 src/usb_intf.o
 .debug_macro   0x00004924      0xd60 src/usb_intf.o
 .debug_macro   0x00005684      0x4cb src/usb_intf.o
 .debug_macro   0x00005b4f      0x9f8 src/usb_intf.o
 .debug_macro   0x00006547      0x82b src/usb_intf.o
 .debug_macro   0x00006d72      0x455 src/usb_intf.o
 .debug_macro   0x000071c7       0x5e src/usb_intf.o
 .debug_macro   0x00007225      0x8fd src/usb_intf.o
 .debug_macro   0x00007b22      0x21c src/usb_intf.o
 .debug_macro   0x00007d3e      0x95b src/usb_intf.o
 .debug_macro   0x00008699       0x5e src/usb_intf.o
 .debug_macro   0x000086f7      0x667 src/usb_intf.o
 .debug_macro   0x00008d5e      0x3af src/usb_intf.o
 .debug_macro   0x0000910d      0xc7a src/usb_intf.o
 .debug_macro   0x00009d87     0x1092 src/usb_intf.o
 .debug_macro   0x0000ae19      0xc4a src/usb_intf.o
 .debug_macro   0x0000ba63      0x6ba src/usb_intf.o
 .debug_macro   0x0000c11d     0x1bbf src/usb_intf.o
 .debug_macro   0x0000dcdc     0x1440 src/usb_intf.o
 .debug_macro   0x0000f11c      0x344 src/usb_intf.o
 .debug_macro   0x0000f460       0x7c src/usb_intf.o
 .debug_macro   0x0000f4dc       0xa0 src/usb_intf.o
 .debug_macro   0x0000f57c       0x4c src/usb_intf.o
 .debug_macro   0x0000f5c8       0xca src/usb_intf.o
 .debug_macro   0x0000f692       0x94 src/usb_intf.o
 .debug_macro   0x0000f726       0x58 src/usb_intf.o
 .debug_macro   0x0000f77e      0x37d src/usb_intf.o
 .debug_macro   0x0000fafb       0x82 src/usb_intf.o
 .debug_macro   0x0000fb7d      0x18d src/usb_intf.o
 .debug_macro   0x0000fd0a       0xb8 src/usb_intf.o
 .debug_macro   0x0000fdc2       0xa0 src/usb_intf.o
 .debug_macro   0x0000fe62       0xb8 src/usb_intf.o
 .debug_macro   0x0000ff1a       0x1c src/usb_intf.o
 .debug_macro   0x0000ff36       0x1c src/usb_intf.o
 .debug_macro   0x0000ff52       0x1c src/usb_intf.o
 .debug_macro   0x0000ff6e       0x82 src/usb_intf.o
 .debug_macro   0x0000fff0      0x15a src/usb_intf.o
 .debug_macro   0x0001014a       0xdc src/usb_intf.o
 .debug_macro   0x00010226      0x128 src/usb_intf.o
 .debug_macro   0x0001034e      0x128 src/usb_intf.o
 .debug_macro   0x00010476      0x128 src/usb_intf.o
 .debug_macro   0x0001059e      0x128 src/usb_intf.o
 .debug_macro   0x000106c6      0x128 src/usb_intf.o
 .debug_macro   0x000107ee      0x128 src/usb_intf.o
 .debug_macro   0x00010916      0x124 src/usb_intf.o
 .debug_macro   0x00010a3a       0xe2 src/usb_intf.o
 .debug_macro   0x00010b1c       0xe2 src/usb_intf.o
 .debug_macro   0x00010bfe       0xe2 src/usb_intf.o
 .debug_macro   0x00010ce0      0x130 src/usb_intf.o
 .debug_macro   0x00010e10      0x106 src/usb_intf.o
 .debug_macro   0x00010f16       0xfa src/usb_intf.o
 .debug_macro   0x00011010      0x40f src/usb_intf.o
 .debug_macro   0x0001141f       0x40 src/usb_intf.o
 .debug_macro   0x0001145f      0x361 src/usb_intf.o
 .debug_macro   0x000117c0     0x16e3 src/usb_intf.o
 .debug_macro   0x00012ea3       0x6d src/usb_intf.o
 .debug_macro   0x00012f10       0x58 src/usb_intf.o
 .debug_macro   0x00012f68       0x35 src/usb_intf.o
 .debug_macro   0x00012f9d       0x9c src/usb_intf.o
 .debug_macro   0x00013039       0x16 src/usb_intf.o
 .debug_macro   0x0001304f       0x35 src/usb_intf.o
 .debug_macro   0x00013084      0x34d src/usb_intf.o
 .debug_macro   0x000133d1       0x10 src/usb_intf.o
 .debug_macro   0x000133e1       0x58 src/usb_intf.o
 .debug_macro   0x00013439       0x1f src/usb_intf.o
 .debug_macro   0x00013458       0x43 src/usb_intf.o
 .debug_macro   0x0001349b       0x20 src/usb_intf.o
 .debug_macro   0x000134bb      0x187 src/usb_intf.o
 .debug_macro   0x00013642       0x10 src/usb_intf.o
 .debug_macro   0x00013652       0x1c src/usb_intf.o
 .debug_macro   0x0001366e       0x52 src/usb_intf.o
 .debug_macro   0x000136c0       0x40 src/usb_intf.o
 .debug_macro   0x00013700       0x10 src/usb_intf.o
 .debug_macro   0x00013710       0x40 src/usb_intf.o
 .debug_macro   0x00013750       0xd7 src/usb_intf.o
 .debug_macro   0x00013827       0x16 src/usb_intf.o
 .debug_macro   0x0001383d      0x18b src/usb_intf.o
 .debug_macro   0x000139c8       0x16 src/usb_intf.o
 .debug_macro   0x000139de       0x16 src/usb_intf.o
 .debug_macro   0x000139f4       0x29 src/usb_intf.o
 .debug_macro   0x00013a1d       0x51 src/usb_intf.o
 .debug_macro   0x00013a6e       0x3e src/usb_intf.o
 .debug_macro   0x00013aac      0x3df src/usb_intf.o
 .debug_macro   0x00013e8b       0x10 src/usb_intf.o
 .debug_macro   0x00013e9b       0x11 src/usb_intf.o
 .debug_macro   0x00013eac       0x16 src/usb_intf.o
 .debug_macro   0x00013ec2       0x16 src/usb_intf.o
 .debug_macro   0x00013ed8       0x18 src/usb_intf.o
 .debug_macro   0x00013ef0       0x19 src/usb_intf.o
 .debug_macro   0x00013f09      0x2df src/usb_intf.o
 .debug_macro   0x000141e8       0x82 src/usb_intf.o
 .debug_macro   0x0001426a       0x18 src/usb_intf.o
 .debug_macro   0x00014282       0x22 src/usb_intf.o
 .debug_macro   0x000142a4       0x16 src/usb_intf.o
 .debug_macro   0x000142ba       0x2e src/usb_intf.o
 .debug_macro   0x000142e8       0xb2 src/usb_intf.o
 .debug_macro   0x0001439a       0x10 src/usb_intf.o
 .debug_macro   0x000143aa       0x2d src/usb_intf.o
 .debug_macro   0x000143d7       0x16 src/usb_intf.o
 .debug_macro   0x000143ed       0x16 src/usb_intf.o
 .debug_macro   0x00014403       0x2e src/usb_intf.o
 .debug_macro   0x00014431       0x49 src/usb_intf.o
 .debug_macro   0x0001447a       0x10 src/usb_intf.o
 .debug_macro   0x0001448a       0x8f src/usb_intf.o
 .debug_macro   0x00014519       0x88 src/usb_intf.o
 .debug_macro   0x000145a1       0x52 src/usb_intf.o
 .debug_macro   0x000145f3      0x241 src/usb_intf.o
 .debug_macro   0x00014834      0x162 src/usb_intf.o
 .debug_macro   0x00014996       0x1c src/usb_intf.o
 .debug_macro   0x000149b2       0x16 src/usb_intf.o
 .debug_macro   0x000149c8       0x1c src/usb_intf.o
 .debug_macro   0x000149e4       0x77 src/usb_intf.o
 .debug_macro   0x00014a5b      0x56b src/ASF/common/services/sleepmgr/samd/sleepmgr.o
 .debug_macro   0x00014fc6      0x5bd src/ASF/common/services/usb/class/vendor/device/udi_vendor.o
 .debug_macro   0x00015583       0x82 src/ASF/common/services/usb/class/vendor/device/udi_vendor.o
 .debug_macro   0x00015605      0x594 src/ASF/common/services/usb/class/vendor/device/udi_vendor_desc.o
 .debug_macro   0x00015b99      0x5af src/ASF/common/services/usb/udc/udc.o
 .debug_macro   0x00016148      0x530 src/ASF/sam0/drivers/extint/extint_callback.o
 .debug_macro   0x00016678      0x58a src/ASF/sam0/drivers/extint/extint_sam_d_r_h/extint.o
 .debug_macro   0x00016c02       0x1f src/ASF/sam0/drivers/extint/extint_sam_d_r_h/extint.o
 .debug_macro   0x00016c21       0x16 src/ASF/sam0/drivers/extint/extint_sam_d_r_h/extint.o
 .debug_macro   0x00016c37      0x585 src/ASF/sam0/drivers/tcc/tcc_callback.o
 .debug_macro   0x000171bc      0x6b9 src/ASF/sam0/drivers/usb/stack_interface/usb_device_udd.o
 .debug_macro   0x00017875       0x52 src/ASF/sam0/drivers/usb/stack_interface/usb_device_udd.o
 .debug_macro   0x000178c7       0x8d src/ASF/sam0/drivers/usb/stack_interface/usb_device_udd.o
 .debug_macro   0x00017954       0x57 src/ASF/sam0/drivers/usb/stack_interface/usb_device_udd.o
 .debug_macro   0x000179ab      0x353 src/ASF/sam0/drivers/usb/stack_interface/usb_device_udd.o
 .debug_macro   0x00017cfe       0x10 src/ASF/sam0/drivers/usb/stack_interface/usb_device_udd.o
 .debug_macro   0x00017d0e       0xaf src/ASF/sam0/drivers/usb/stack_interface/usb_device_udd.o
 .debug_macro   0x00017dbd       0x1c src/ASF/sam0/drivers/usb/stack_interface/usb_device_udd.o
 .debug_macro   0x00017dd9       0x10 src/ASF/sam0/drivers/usb/stack_interface/usb_device_udd.o
 .debug_macro   0x00017de9       0x1c src/ASF/sam0/drivers/usb/stack_interface/usb_device_udd.o
 .debug_macro   0x00017e05      0x5e2 src/ASF/sam0/drivers/usb/usb_sam_d_r/usb.o
 .debug_macro   0x000183e7      0x7d1 src/console.o
 .debug_macro   0x00018bb8      0x7d7 src/spi.o
 .debug_macro   0x0001938f      0x546 src/ASF/common2/services/delay/sam0/systick_counter.o
 .debug_macro   0x000198d5      0x50b src/ASF/sam0/utils/stdio/read.o
 .debug_macro   0x00019de0      0x50b src/ASF/sam0/utils/stdio/write.o
 .debug_macro   0x0001a2eb      0x598 src/ASF/sam0/drivers/sercom/sercom.o
 .debug_macro   0x0001a883      0x5a9 src/ASF/sam0/drivers/sercom/usart/usart.o
 .debug_macro   0x0001ae2c       0x51 src/ASF/sam0/drivers/sercom/usart/usart.o
 .debug_macro   0x0001ae7d      0x5a9 src/ASF/sam0/drivers/sercom/usart/usart_interrupt.o
 .debug_macro   0x0001b426      0x5dc src/ASF/sam0/drivers/sercom/spi/spi.o
 .debug_macro   0x0001ba02       0x12 src/ASF/sam0/drivers/sercom/spi/spi.o
 .debug_macro   0x0001ba14       0x35 src/ASF/sam0/drivers/sercom/spi/spi.o
 .debug_macro   0x0001ba49      0x5e7 src/ASF/sam0/drivers/sercom/spi/spi_interrupt.o
 .debug_macro   0x0001c030      0x595 src/ASF/sam0/drivers/sercom/sercom_interrupt.o
 .debug_macro   0x0001c5c5      0x7ce src/ASF/common2/boards/user_board/init.o
 .debug_macro   0x0001cd93      0x50b src/ASF/common/utils/interrupt/interrupt_sam_nvic.o
 .debug_macro   0x0001d29e      0x58a src/ASF/sam0/drivers/system/clock/clock_samd21_r21_da_ha1/clock.o
 .debug_macro   0x0001d828      0x298 src/ASF/sam0/drivers/system/clock/clock_samd21_r21_da_ha1/clock.o
 .debug_macro   0x0001dac0      0x541 src/ASF/sam0/drivers/system/clock/clock_samd21_r21_da_ha1/gclk.o
 .debug_macro   0x0001e001      0x51b src/ASF/sam0/drivers/system/pinmux/pinmux.o
 .debug_macro   0x0001e51c       0x12 src/ASF/sam0/drivers/system/pinmux/pinmux.o
 .debug_macro   0x0001e52e      0x54e src/ASF/sam0/drivers/system/system.o
 .debug_macro   0x0001ea7c      0x2f2 src/ASF/sam0/utils/cmsis/samd21/source/gcc/startup_samd21.o
 .debug_macro   0x0001ed6e       0x3a src/ASF/sam0/utils/cmsis/samd21/source/gcc/startup_samd21.o
 .debug_macro   0x0001eda8      0x1d6 src/ASF/sam0/utils/syscalls/gcc/syscalls.o
 .debug_macro   0x0001ef7e       0x97 src/ASF/sam0/utils/syscalls/gcc/syscalls.o
 .debug_macro   0x0001f015       0xf6 src/ASF/sam0/utils/syscalls/gcc/syscalls.o